
> phonecat@1.0.0 pretest C:\workspace\angular\phonecat
> npm install


> phonecat@1.0.0 postinstall C:\workspace\angular\phonecat
> bower install


> phonecat@1.0.0 test C:\workspace\angular\phonecat
> node node_modules/karma/bin/karma start test/karma.conf.js

[33m25 05 2016 23:05:49.175:WARN [karma]: [39mNo captured browser, open http://localhost:9876/
[32m25 05 2016 23:05:49.191:INFO [karma]: [39mKarma v0.13.22 server started at http://localhost:9876/
[33m25 05 2016 23:05:49.206:WARN [launcher]: [39mCan not load "FireFox", it is not registered!
  Perhaps you are missing some plugin?
[32m25 05 2016 23:05:49.206:INFO [launcher]: [39mStarting browser Chrome
[32m25 05 2016 23:05:52.610:INFO [Chrome 50.0.2661 (Windows 7 0.0.0)]: [39mConnected on socket /#O1yV76oMR8ndOT6FAAAA with id 16938694
Chrome 50.0.2661 (Windows 7 0.0.0): Executed 0 of 5 SUCCESS (0 secs / 0 secs)
[1A[2KChrome 50.0.2661 (Windows 7 0.0.0) PhoneCat controllers PhoneListCtrl should create "phones" model with 2 phones fetched from xhr FAILED
	TypeError: this.addMatchers is not a function
	    at Object.<anonymous> (C:/workspace/angular/phonecat/test/unit/controllersSpec.js:7:7)
	Error: [$injector:modulerr] Failed to instantiate module phonecatApp due to:
	Error: [$injector:modulerr] Failed to instantiate module phonecatServices due to:
	Error: [$injector:modulerr] Failed to instantiate module ngResource due to:
	Error: [$injector:nomod] Module 'ngResource' is not available! You either misspelled the module name or forgot to load it. If registering a module ensure that you specify the dependencies as the second argument.
	http://errors.angularjs.org/1.5.5/$injector/nomod?p0=ngResource
	    at C:/workspace/angular/phonecat/app/bower_components/angular/angular.js:68:12
	    at C:/workspace/angular/phonecat/app/bower_components/angular/angular.js:2070:17
	    at ensure (C:/workspace/angular/phonecat/app/bower_components/angular/angular.js:1994:38)
	    at module (C:/workspace/angular/phonecat/app/bower_components/angular/angular.js:2068:14)
	    at C:/workspace/angular/phonecat/app/bower_components/angular/angular.js:4564:22
	    at forEach (C:/workspace/angular/phonecat/app/bower_components/angular/angular.js:322:20)
	    at loadModules (C:/workspace/angular/phonecat/app/bower_components/angular/angular.js:4548:5)
	    at C:/workspace/angular/phonecat/app/bower_components/angular/angular.js:4565:40
	    at forEach (C:/workspace/angular/phonecat/app/bower_components/angular/angular.js:322:20)
	    at loadModules (C:/workspace/angular/phonecat/app/bower_components/angular/angular.js:4548:5)
	http://errors.angularjs.org/1.5.5/$injector/modulerr?p0=ngResource&p1=Error%3A%20%5B%24injector%3Anomod%5D%20Module%20'ngResource'%20is%20not%20available!%20You%20either%20misspelled%20the%20module%20name%20or%20forgot%20to%20load%20it.%20If%20registering%20a%20module%20ensure%20that%20you%20specify%20the%20dependencies%20as%20the%20second%20argument.%0Ahttp%3A%2F%2Ferrors.angularjs.org%2F1.5.5%2F%24injector%2Fnomod%3Fp0%3DngResource%0A%20%20%20%20at%20http%3A%2F%2Flocalhost%3A9876%2FC:/workspace/angular/phonecat%2Fapp%2Fbower_components%2Fangular%2Fangular.js%3F5e0b951c06cc7cc4cfccf139a0a26fd901dd43f5%3A68%3A12%0A%20%20%20%20at%20http%3A%2F%2Flocalhost%3A9876%2Fbase%2Fapp%2Fbower_components%2Fangular%2Fangular.js%3F5e0b951c06cc7cc4cfccf139a0a26fd901dd43f5%3A2070%3A17%0A%20%20%20%20at%20ensure%20(http%3A%2F%2Flocalhost%3A9876%2Fbase%2Fapp%2Fbower_components%2Fangular%2Fangular.js%3F5e0b951c06cc7cc4cfccf139a0a26fd901dd43f5%3A1994%3A38)%0A%20%20%20%20at%20module%20(http%3A%2F%2Flocalhost%3A9876%2Fbase%2Fapp%2Fbower_components%2Fangular%2Fangular.js%3F5e0b951c06cc7cc4cfccf139a0a26fd901dd43f5%3A2068%3A14)%0A%20%20%20%20at%20http%3A%2F%2Flocalhost%3A9876%2Fbase%2Fapp%2Fbower_components%2Fangular%2Fangular.js%3F5e0b951c06cc7cc4cfccf139a0a26fd901dd43f5%3A4564%3A22%0A%20%20%20%20at%20forEach%20(http%3A%2F%2Flocalhost%3A9876%2Fbase%2Fapp%2Fbower_components%2Fangular%2Fangular.js%3F5e0b951c06cc7cc4cfccf139a0a26fd901dd43f5%3A322%3A20)%0A%20%20%20%20at%20loadModules%20(http%3A%2F%2Flocalhost%3A9876%2Fbase%2Fapp%2Fbower_components%2Fangular%2Fangular.js%3F5e0b951c06cc7cc4cfccf139a0a26fd901dd43f5%3A4548%3A5)%0A%20%20%20%20at%20http%3A%2F%2Flocalhost%3A9876%2Fbase%2Fapp%2Fbower_components%2Fangular%2Fangular.js%3F5e0b951c06cc7cc4cfccf139a0a26fd901dd43f5%3A4565%3A40%0A%20%20%20%20at%20forEach%20(http%3A%2F%2Flocalhost%3A9876%2Fbase%2Fapp%2Fbower_components%2Fangular%2Fangular.js%3F5e0b951c06cc7cc4cfccf139a0a26fd901dd43f5%3A322%3A20)%0A%20%20%20%20at%20loadModules%20(http%3A%2F%2Flocalhost%3A9876%2Fbase%2Fapp%2Fbower_components%2Fangular%2Fangular.js%3F5e0b951c06cc7cc4cfccf139a0a26fd901dd43f5%3A4548%3A5)
	    at C:/workspace/angular/phonecat/app/bower_components/angular/angular.js:68:12
	    at C:/workspace/angular/phonecat/app/bower_components/angular/angular.js:4587:15
	    at forEach (C:/workspace/angular/phonecat/app/bower_components/angular/angular.js:322:20)
	    at loadModules (C:/workspace/angular/phonecat/app/bower_components/angular/angular.js:4548:5)
	    at C:/workspace/angular/phonecat/app/bower_components/angular/angular.js:4565:40
	    at forEach (C:/workspace/angular/phonecat/app/bower_components/angular/angular.js:322:20)
	    at loadModules (C:/workspace/angular/phonecat/app/bower_components/angular/angular.js:4548:5)
	    at C:/workspace/angular/phonecat/app/bower_components/angular/angular.js:4565:40
	    at forEach (C:/workspace/angular/phonecat/app/bower_components/angular/angular.js:322:20)
	    at loadModules (C:/workspace/angular/phonecat/app/bower_components/angular/angular.js:4548:5)
	http://errors.angularjs.org/1.5.5/$injector/modulerr?p0=phonecatServices&p1=Error%3A%20%5B%24injector%3Amodulerr%5D%20Failed%20to%20instantiate%20module%20ngResource%20due%20to%3A%0AError%3A%20%5B%24injector%3Anomod%5D%20Module%20'ngResource'%20is%20not%20available!%20You%20either%20misspelled%20the%20module%20name%20or%20forgot%20to%20load%20it.%20If%20registering%20a%20module%20ensure%20that%20you%20specify%20the%20dependencies%20as%20the%20second%20argument.%0Ahttp%3A%2F%2Ferrors.angularjs.org%2F1.5.5%2F%24injector%2Fnomod%3Fp0%3DngResource%0A%20%20%20%20at%20http%3A%2F%2Flocalhost%3A9876%2FC:/workspace/angular/phonecat%2Fapp%2Fbower_components%2Fangular%2Fangular.js%3F5e0b951c06cc7cc4cfccf139a0a26fd901dd43f5%3A68%3A12%0A%20%20%20%20at%20http%3A%2F%2Flocalhost%3A9876%2Fbase%2Fapp%2Fbower_components%2Fangular%2Fangular.js%3F5e0b951c06cc7cc4cfccf139a0a26fd901dd43f5%3A2070%3A17%0A%20%20%20%20at%20ensure%20(http%3A%2F%2Flocalhost%3A9876%2Fbase%2Fapp%2Fbower_components%2Fangular%2Fangular.js%3F5e0b951c06cc7cc4cfccf139a0a26fd901dd43f5%3A1994%3A38)%0A%20%20%20%20at%20module%20(http%3A%2F%2Flocalhost%3A9876%2Fbase%2Fapp%2Fbower_components%2Fangular%2Fangular.js%3F5e0b951c06cc7cc4cfccf139a0a26fd901dd43f5%3A2068%3A14)%0A%20%20%20%20at%20http%3A%2F%2Flocalhost%3A9876%2Fbase%2Fapp%2Fbower_components%2Fangular%2Fangular.js%3F5e0b951c06cc7cc4cfccf139a0a26fd901dd43f5%3A4564%3A22%0A%20%20%20%20at%20forEach%20(http%3A%2F%2Flocalhost%3A9876%2Fbase%2Fapp%2Fbower_components%2Fangular%2Fangular.js%3F5e0b951c06cc7cc4cfccf139a0a26fd901dd43f5%3A322%3A20)%0A%20%20%20%20at%20loadModules%20(http%3A%2F%2Flocalhost%3A9876%2Fbase%2Fapp%2Fbower_components%2Fangular%2Fangular.js%3F5e0b951c06cc7cc4cfccf139a0a26fd901dd43f5%3A4548%3A5)%0A%20%20%20%20at%20http%3A%2F%2Flocalhost%3A9876%2Fbase%2Fapp%2Fbower_components%2Fangular%2Fangular.js%3F5e0b951c06cc7cc4cfccf139a0a26fd901dd43f5%3A4565%3A40%0A%20%20%20%20at%20forEach%20(http%3A%2F%2Flocalhost%3A9876%2Fbase%2Fapp%2Fbower_components%2Fangular%2Fangular.js%3F5e0b951c06cc7cc4cfccf139a0a26fd901dd43f5%3A322%3A20)%0A%20%20%20%20at%20loadModules%20(http%3A%2F%2Flocalhost%3A9876%2Fbase%2Fapp%2Fbower_components%2Fangular%2Fangular.js%3F5e0b951c06cc7cc4cfccf139a0a26fd901dd43f5%3A4548%3A5)%0Ahttp%3A%2F%2Ferrors.angularjs.org%2F1.5.5%2F%24injector%2Fmodulerr%3Fp0%3DngResource%26p1%3DError%253A%2520%255B%2524injector%253Anomod%255D%2520Module%2520'ngResource'%2520is%2520not%2520available!%2520You%2520either%2520misspelled%2520the%2520module%2520name%2520or%2520forgot%2520to%2520load%2520it.%2520If%2520registering%2520a%2520module%2520ensure%2520that%2520you%2520specify%2520the%2520dependencies%2520as%2520the%2520second%2520argument.%250Ahttp%253A%252F%252Ferrors.angularjs.org%252F1.5.5%252F%2524injector%252Fnomod%253Fp0%253DngResource%250A%2520%2520%2520%2520at%2520http%253A%252F%252Flocalhost%253A9876%252Fbase%252Fapp%252Fbower_components%252Fangular%252Fangular.js%253F5e0b951c06cc7cc4cfccf139a0a26fd901dd43f5%253A68%253A12%250A%2520%2520%2520%2520at%2520http%253A%252F%252Flocalhost%253A9876%252Fbase%252Fapp%252Fbower_components%252Fangular%252Fangular.js%253F5e0b951c06cc7cc4cfccf139a0a26fd901dd43f5%253A2070%253A17%250A%2520%2520%2520%2520at%2520ensure%2520(http%253A%252F%252Flocalhost%253A9876%252Fbase%252Fapp%252Fbower_components%252Fangular%252Fangular.js%253F5e0b951c06cc7cc4cfccf139a0a26fd901dd43f5%253A1994%253A38)%250A%2520%2520%2520%2520at%2520module%2520(http%253A%252F%252Flocalhost%253A9876%252Fbase%252Fapp%252Fbower_components%252Fangular%252Fangular.js%253F5e0b951c06cc7cc4cfccf139a0a26fd901dd43f5%253A2068%253A14)%250A%2520%2520%2520%2520at%2520http%253A%252F%252Flocalhost%253A9876%252Fbase%252Fapp%252Fbower_components%252Fangular%252Fangular.js%253F5e0b951c06cc7cc4cfccf139a0a26fd901dd43f5%253A4564%253A22%250A%2520%2520%2520%2520at%2520forEach%2520(http%253A%252F%252Flocalhost%253A9876%252Fbase%252Fapp%252Fbower_components%252Fangular%252Fangular.js%253F5e0b951c06cc7cc4cfccf139a0a26fd901dd43f5%253A322%253A20)%250A%2520%2520%2520%2520at%2520loadModules%2520(http%253A%252F%252Flocalhost%253A9876%252Fbase%252Fapp%252Fbower_components%252Fangular%252Fangular.js%253F5e0b951c06cc7cc4cfccf139a0a26fd901dd43f5%253A4548%253A5)%250A%2520%2520%2520%2520at%2520http%253A%252F%252Flocalhost%253A9876%252Fbase%252Fapp%252Fbower_components%252Fangular%252Fangular.js%253F5e0b951c06cc7cc4cfccf139a0a26fd901dd43f5%253A4565%253A40%250A%2520%2520%2520%2520at%2520forEach%2520(http%253A%252F%252Flocalhost%253A9876%252Fbase%252Fapp%252Fbower_components%252Fangular%252Fangular.js%253F5e0b951c06cc7cc4cfccf139a0a26fd901dd43f5%253A322%253A20)%250A%2520%2520%2520%2520at%2520loadModules%2520(http%253A%252F%252Flocalhost%253A9876%252Fbase%252Fapp%252Fbower_components%252Fangular%252Fangular.js%253F5e0b951c06cc7cc4cfccf139a0a26fd901dd43f5%253A4548%253A5)%0A%20%20%20%20at%20http%3A%2F%2Flocalhost%3A9876%2Fbase%2Fapp%2Fbower_components%2Fangular%2Fangular.js%3F5e0b951c06cc7cc4cfccf139a0a26fd901dd43f5%3A68%3A12%0A%20%20%20%20at%20http%3A%2F%2Flocalhost%3A9876%2Fbase%2Fapp%2Fbower_components%2Fangular%2Fangular.js%3F5e0b951c06cc7cc4cfccf139a0a26fd901dd43f5%3A4587%3A15%0A%20%20%20%20at%20forEach%20(http%3A%2F%2Flocalhost%3A9876%2Fbase%2Fapp%2Fbower_components%2Fangular%2Fangular.js%3F5e0b951c06cc7cc4cfccf139a0a26fd901dd43f5%3A322%3A20)%0A%20%20%20%20at%20loadModules%20(http%3A%2F%2Flocalhost%3A9876%2Fbase%2Fapp%2Fbower_components%2Fangular%2Fangular.js%3F5e0b951c06cc7cc4cfccf139a0a26fd901dd43f5%3A4548%3A5)%0A%20%20%20%20at%20http%3A%2F%2Flocalhost%3A9876%2Fbase%2Fapp%2Fbower_components%2Fangular%2Fangular.js%3F5e0b951c06cc7cc4cfccf139a0a26fd901dd43f5%3A4565%3A40%0A%20%20%20%20at%20forEach%20(http%3A%2F%2Flocalhost%3A9876%2Fbase%2Fapp%2Fbower_components%2Fangular%2Fangular.js%3F5e0b951c06cc7cc4cfccf139a0a26fd901dd43f5%3A322%3A20)%0A%20%20%20%20at%20loadModules%20(http%3A%2F%2Flocalhost%3A9876%2Fbase%2Fapp%2Fbower_components%2Fangular%2Fangular.js%3F5e0b951c06cc7cc4cfccf139a0a26fd901dd43f5%3A4548%3A5)%0A%20%20%20%20at%20http%3A%2F%2Flocalhost%3A9876%2Fbase%2Fapp%2Fbower_components%2Fangular%2Fangular.js%3F5e0b951c06cc7cc4cfccf139a0a26fd901dd43f5%3A4565%3A40%0A%20%20%20%20at%20forEach%20(http%3A%2F%2Flocalhost%3A9876%2Fbase%2Fapp%2Fbower_components%2Fangular%2Fangular.js%3F5e0b951c06cc7cc4cfccf139a0a26fd901dd43f5%3A322%3A20)%0A%20%20%20%20at%20loadModules%20(http%3A%2F%2Flocalhost%3A9876%2Fbase%2Fapp%2Fbower_components%2Fangular%2Fangular.js%3F5e0b951c06cc7cc4cfccf139a0a26fd901dd43f5%3A4548%3A5)
	    at C:/workspace/angular/phonecat/app/bower_components/angular/angular.js:68:12
	    at C:/workspace/angular/phonecat/app/bower_components/angular/angular.js:4587:15
	    at forEach (C:/workspace/angular/phonecat/app/bower_components/angular/angular.js:322:20)
	    at loadModules (C:/workspace/angular/phonecat/app/bower_components/angular/angular.js:4548:5)
	    at C:/workspace/angular/phonecat/app/bower_components/angular/angular.js:4565:40
	    at forEach (C:/workspace/angular/phonecat/app/bower_components/angular/angular.js:322:20)
	    at loadModules (C:/workspace/angular/phonecat/app/bower_components/angular/angular.js:4548:5)
	    at Object.createInjector [as injector] (C:/workspace/angular/phonecat/app/bower_components/angular/angular.js:4470:19)
	    at Object.workFn (C:/workspace/angular/phonecat/app/bower_components/angular-mocks/angular-mocks.js:2954:52)
	http://errors.angularjs.org/1.5.5/$injector/modulerr?p0=phonecatApp&p1=Error%3A%20%5B%24injector%3Amodulerr%5D%20Failed%20to%20instantiate%20module%20phonecatServices%20due%20to%3A%0AError%3A%20%5B%24injector%3Amodulerr%5D%20Failed%20to%20instantiate%20module%20ngResource%20due%20to%3A%0AError%3A%20%5B%24injector%3Anomod%5D%20Module%20'ngResource'%20is%20not%20available!%20You%20either%20misspelled%20the%20module%20name%20or%20forgot%20to%20load%20it.%20If%20registering%20a%20module%20ensure%20that%20you%20specify%20the%20dependencies%20as%20the%20second%20argument.%0Ahttp%3A%2F%2Ferrors.angularjs.org%2F1.5.5%2F%24injector%2Fnomod%3Fp0%3DngResource%0A%20%20%20%20at%20http%3A%2F%2Flocalhost%3A9876%2FC:/workspace/angular/phonecat%2Fapp%2Fbower_components%2Fangular%2Fangular.js%3F5e0b951c06cc7cc4cfccf139a0a26fd901dd43f5%3A68%3A12%0A%20%20%20%20at%20http%3A%2F%2Flocalhost%3A9876%2Fbase%2Fapp%2Fbower_components%2Fangular%2Fangular.js%3F5e0b951c06cc7cc4cfccf139a0a26fd901dd43f5%3A2070%3A17%0A%20%20%20%20at%20ensure%20(http%3A%2F%2Flocalhost%3A9876%2Fbase%2Fapp%2Fbower_components%2Fangular%2Fangular.js%3F5e0b951c06cc7cc4cfccf139a0a26fd901dd43f5%3A1994%3A38)%0A%20%20%20%20at%20module%20(http%3A%2F%2Flocalhost%3A9876%2Fbase%2Fapp%2Fbower_components%2Fangular%2Fangular.js%3F5e0b951c06cc7cc4cfccf139a0a26fd901dd43f5%3A2068%3A14)%0A%20%20%20%20at%20http%3A%2F%2Flocalhost%3A9876%2Fbase%2Fapp%2Fbower_components%2Fangular%2Fangular.js%3F5e0b951c06cc7cc4cfccf139a0a26fd901dd43f5%3A4564%3A22%0A%20%20%20%20at%20forEach%20(http%3A%2F%2Flocalhost%3A9876%2Fbase%2Fapp%2Fbower_components%2Fangular%2Fangular.js%3F5e0b951c06cc7cc4cfccf139a0a26fd901dd43f5%3A322%3A20)%0A%20%20%20%20at%20loadModules%20(http%3A%2F%2Flocalhost%3A9876%2Fbase%2Fapp%2Fbower_components%2Fangular%2Fangular.js%3F5e0b951c06cc7cc4cfccf139a0a26fd901dd43f5%3A4548%3A5)%0A%20%20%20%20at%20http%3A%2F%2Flocalhost%3A9876%2Fbase%2Fapp%2Fbower_components%2Fangular%2Fangular.js%3F5e0b951c06cc7cc4cfccf139a0a26fd901dd43f5%3A4565%3A40%0A%20%20%20%20at%20forEach%20(http%3A%2F%2Flocalhost%3A9876%2Fbase%2Fapp%2Fbower_components%2Fangular%2Fangular.js%3F5e0b951c06cc7cc4cfccf139a0a26fd901dd43f5%3A322%3A20)%0A%20%20%20%20at%20loadModules%20(http%3A%2F%2Flocalhost%3A9876%2Fbase%2Fapp%2Fbower_components%2Fangular%2Fangular.js%3F5e0b951c06cc7cc4cfccf139a0a26fd901dd43f5%3A4548%3A5)%0Ahttp%3A%2F%2Ferrors.angularjs.org%2F1.5.5%2F%24injector%2Fmodulerr%3Fp0%3DngResource%26p1%3DError%253A%2520%255B%2524injector%253Anomod%255D%2520Module%2520'ngResource'%2520is%2520not%2520available!%2520You%2520either%2520misspelled%2520the%2520module%2520name%2520or%2520forgot%2520to%2520load%2520it.%2520If%2520registering%2520a%2520module%2520ensure%2520that%2520you%2520specify%2520the%2520dependencies%2520as%2520the%2520second%2520argument.%250Ahttp%253A%252F%252Ferrors.angularjs.org%252F1.5.5%252F%2524injector%252Fnomod%253Fp0%253DngResource%250A%2520%2520%2520%2520at%2520http%253A%252F%252Flocalhost%253A9876%252Fbase%252Fapp%252Fbower_components%252Fangular%252Fangular.js%253F5e0b951c06cc7cc4cfccf139a0a26fd901dd43f5%253A68%253A12%250A%2520%2520%2520%2520at%2520http%253A%252F%252Flocalhost%253A9876%252Fbase%252Fapp%252Fbower_components%252Fangular%252Fangular.js%253F5e0b951c06cc7cc4cfccf139a0a26fd901dd43f5%253A2070%253A17%250A%2520%2520%2520%2520at%2520ensure%2520(http%253A%252F%252Flocalhost%253A9876%252Fbase%252Fapp%252Fbower_components%252Fangular%252Fangular.js%253F5e0b951c06cc7cc4cfccf139a0a26fd901dd43f5%253A1994%253A38)%250A%2520%2520%2520%2520at%2520module%2520(http%253A%252F%252Flocalhost%253A9876%252Fbase%252Fapp%252Fbower_components%252Fangular%252Fangular.js%253F5e0b951c06cc7cc4cfccf139a0a26fd901dd43f5%253A2068%253A14)%250A%2520%2520%2520%2520at%2520http%253A%252F%252Flocalhost%253A9876%252Fbase%252Fapp%252Fbower_components%252Fangular%252Fangular.js%253F5e0b951c06cc7cc4cfccf139a0a26fd901dd43f5%253A4564%253A22%250A%2520%2520%2520%2520at%2520forEach%2520(http%253A%252F%252Flocalhost%253A9876%252Fbase%252Fapp%252Fbower_components%252Fangular%252Fangular.js%253F5e0b951c06cc7cc4cfccf139a0a26fd901dd43f5%253A322%253A20)%250A%2520%2520%2520%2520at%2520loadModules%2520(http%253A%252F%252Flocalhost%253A9876%252Fbase%252Fapp%252Fbower_components%252Fangular%252Fangular.js%253F5e0b951c06cc7cc4cfccf139a0a26fd901dd43f5%253A4548%253A5)%250A%2520%2520%2520%2520at%2520http%253A%252F%252Flocalhost%253A9876%252Fbase%252Fapp%252Fbower_components%252Fangular%252Fangular.js%253F5e0b951c06cc7cc4cfccf139a0a26fd901dd43f5%253A4565%253A40%250A%2520%2520%2520%2520at%2520forEach%2520(http%253A%252F%252Flocalhost%253A9876%252Fbase%252Fapp%252Fbower_components%252Fangular%252Fangular.js%253F5e0b951c06cc7cc4cfccf139a0a26fd901dd43f5%253A322%253A20)%250A%2520%2520%2520%2520at%2520loadModules%2520(http%253A%252F%252Flocalhost%253A9876%252Fbase%252Fapp%252Fbower_components%252Fangular%252Fangular.js%253F5e0b951c06cc7cc4cfccf139a0a26fd901dd43f5%253A4548%253A5)%0A%20%20%20%20at%20http%3A%2F%2Flocalhost%3A9876%2Fbase%2Fapp%2Fbower_components%2Fangular%2Fangular.js%3F5e0b951c06cc7cc4cfccf139a0a26fd901dd43f5%3A68%3A12%0A%20%20%20%20at%20http%3A%2F%2Flocalhost%3A9876%2Fbase%2Fapp%2Fbower_components%2Fangular%2Fangular.js%3F5e0b951c06cc7cc4cfccf139a0a26fd901dd43f5%3A4587%3A15%0A%20%20%20%20at%20forEach%20(http%3A%2F%2Flocalhost%3A9876%2Fbase%2Fapp%2Fbower_components%2Fangular%2Fangular.js%3F5e0b951c06cc7cc4cfccf139a0a26fd901dd43f5%3A322%3A20)%0A%20%20%20%20at%20loadModules%20(http%3A%2F%2Flocalhost%3A9876%2Fbase%2Fapp%2Fbower_components%2Fangular%2Fangular.js%3F5e0b951c06cc7cc4cfccf139a0a26fd901dd43f5%3A4548%3A5)%0A%20%20%20%20at%20http%3A%2F%2Flocalhost%3A9876%2Fbase%2Fapp%2Fbower_components%2Fangular%2Fangular.js%3F5e0b951c06cc7cc4cfccf139a0a26fd901dd43f5%3A4565%3A40%0A%20%20%20%20at%20forEach%20(http%3A%2F%2Flocalhost%3A9876%2Fbase%2Fapp%2Fbower_components%2Fangular%2Fangular.js%3F5e0b951c06cc7cc4cfccf139a0a26fd901dd43f5%3A322%3A20)%0A%20%20%20%20at%20loadModules%20(http%3A%2F%2Flocalhost%3A9876%2Fbase%2Fapp%2Fbower_components%2Fangular%2Fangular.js%3F5e0b951c06cc7cc4cfccf139a0a26fd901dd43f5%3A4548%3A5)%0A%20%20%20%20at%20http%3A%2F%2Flocalhost%3A9876%2Fbase%2Fapp%2Fbower_components%2Fangular%2Fangular.js%3F5e0b951c06cc7cc4cfccf139a0a26fd901dd43f5%3A4565%3A40%0A%20%20%20%20at%20forEach%20(http%3A%2F%2Flocalhost%3A9876%2Fbase%2Fapp%2Fbower_components%2Fangular%2Fangular.js%3F5e0b951c06cc7cc4cfccf139a0a26fd901dd43f5%3A322%3A20)%0A%20%20%20%20at%20loadModules%20(http%3A%2F%2Flocalhost%3A9876%2Fbase%2Fapp%2Fbower_components%2Fangular%2Fangular.js%3F5e0b951c06cc7cc4cfccf139a0a26fd901dd43f5%3A4548%3A5)%0Ahttp%3A%2F%2Ferrors.angularjs.org%2F1.5.5%2F%24injector%2Fmodulerr%3Fp0%3DphonecatServices%26p1%3DError%253A%2520%255B%2524injector%253Amodulerr%255D%2520Failed%2520to%2520instantiate%2520module%2520ngResource%2520due%2520to%253A%250AError%253A%2520%255B%2524injector%253Anomod%255D%2520Module%2520'ngResource'%2520is%2520not%2520available!%2520You%2520either%2520misspelled%2520the%2520module%2520name%2520or%2520forgot%2520to%2520load%2520it.%2520If%2520registering%2520a%2520module%2520ensure%2520that%2520you%2520specify%2520the%2520dependencies%2520as%2520the%2520second%2520argument.%250Ahttp%253A%252F%252Ferrors.angularjs.org%252F1.5.5%252F%2524injector%252Fnomod%253Fp0%253DngResource%250A%2520%2520%2520%2520at%2520http%253A%252F%252Flocalhost%253A9876%252Fbase%252Fapp%252Fbower_components%252Fangular%252Fangular.js%253F5e0b951c06cc7cc4cfccf139a0a26fd901dd43f5%253A68%253A12%250A%2520%2520%2520%2520at%2520http%253A%252F%252Flocalhost%253A9876%252Fbase%252Fapp%252Fbower_components%252Fangular%252Fangular.js%253F5e0b951c06cc7cc4cfccf139a0a26fd901dd43f5%253A2070%253A17%250A%2520%2520%2520%2520at%2520ensure%2520(http%253A%252F%252Flocalhost%253A9876%252Fbase%252Fapp%252Fbower_components%252Fangular%252Fangular.js%253F5e0b951c06cc7cc4cfccf139a0a26fd901dd43f5%253A1994%253A38)%250A%2520%2520%2520%2520at%2520module%2520(http%253A%252F%252Flocalhost%253A9876%252Fbase%252Fapp%252Fbower_components%252Fangular%252Fangular.js%253F5e0b951c06cc7cc4cfccf139a0a26fd901dd43f5%253A2068%253A14)%250A%2520%2520%2520%2520at%2520http%253A%252F%252Flocalhost%253A9876%252Fbase%252Fapp%252Fbower_components%252Fangular%252Fangular.js%253F5e0b951c06cc7cc4cfccf139a0a26fd901dd43f5%253A4564%253A22%250A%2520%2520%2520%2520at%2520forEach%2520(http%253A%252F%252Flocalhost%253A9876%252Fbase%252Fapp%252Fbower_components%252Fangular%252Fangular.js%253F5e0b951c06cc7cc4cfccf139a0a26fd901dd43f5%253A322%253A20)%250A%2520%2520%2520%2520at%2520loadModules%2520(http%253A%252F%252Flocalhost%253A9876%252Fbase%252Fapp%252Fbower_components%252Fangular%252Fangular.js%253F5e0b951c06cc7cc4cfccf139a0a26fd901dd43f5%253A4548%253A5)%250A%2520%2520%2520%2520at%2520http%253A%252F%252Flocalhost%253A9876%252Fbase%252Fapp%252Fbower_components%252Fangular%252Fangular.js%253F5e0b951c06cc7cc4cfccf139a0a26fd901dd43f5%253A4565%253A40%250A%2520%2520%2520%2520at%2520forEach%2520(http%253A%252F%252Flocalhost%253A9876%252Fbase%252Fapp%252Fbower_components%252Fangular%252Fangular.js%253F5e0b951c06cc7cc4cfccf139a0a26fd901dd43f5%253A322%253A20)%250A%2520%2520%2520%2520at%2520loadModules%2520(http%253A%252F%252Flocalhost%253A9876%252Fbase%252Fapp%252Fbower_components%252Fangular%252Fangular.js%253F5e0b951c06cc7cc4cfccf139a0a26fd901dd43f5%253A4548%253A5)%250Ahttp%253A%252F%252Ferrors.angularjs.org%252F1.5.5%252F%2524injector%252Fmodulerr%253Fp0%253DngResource%2526p1%253DError%25253A%252520%25255B%252524injector%25253Anomod%25255D%252520Module%252520'ngResource'%252520is%252520not%252520available!%252520You%252520either%252520misspelled%252520the%252520module%252520name%252520or%252520forgot%252520to%252520load%252520it.%252520If%252520registering%252520a%252520module%252520ensure%252520that%252520you%252520specify%252520the%252520dependencies%252520as%252520the%252520second%252520argument.%25250Ahttp%25253A%25252F%25252Ferrors.angularjs.org%25252F1.5.5%25252F%252524injector%25252Fnomod%25253Fp0%25253DngResource%25250A%252520%252520%252520%252520at%252520http%25253A%25252F%25252Flocalhost%25253A9876%25252Fbase%25252Fapp%25252Fbower_components%25252Fangular%25252Fangular.js%25253F5e0b951c06cc7cc4cfccf139a0a26fd901dd43f5%25253A68%25253A12%25250A%252520%252520%252520%252520at%252520http%25253A%25252F%25252Flocalhost%25253A9876%25252Fbase%25252Fapp%25252Fbower_components%25252Fangular%25252Fangular.js%25253F5e0b951c06cc7cc4cfccf139a0a26fd901dd43f5%25253A2070%25253A17%25250A%252520%252520%252520%252520at%252520ensure%252520(http%25253A%25252F%25252Flocalhost%25253A9876%25252Fbase%25252Fapp%25252Fbower_components%25252Fangular%25252Fangular.js%25253F5e0b951c06cc7cc4cfccf139a0a26fd901dd43f5%25253A1994%25253A38)%25250A%252520%252520%252520%252520at%252520module%252520(http%25253A%25252F%25252Flocalhost%25253A9876%25252Fbase%25252Fapp%25252Fbower_components%25252Fangular%25252Fangular.js%25253F5e0b951c06cc7cc4cfccf139a0a26fd901dd43f5%25253A2068%25253A14)%25250A%252520%252520%252520%252520at%252520http%25253A%25252F%25252Flocalhost%25253A9876%25252Fbase%25252Fapp%25252Fbower_components%25252Fangular%25252Fangular.js%25253F5e0b951c06cc7cc4cfccf139a0a26fd901dd43f5%25253A4564%25253A22%25250A%252520%252520%252520%252520at%252520forEach%252520(http%25253A%25252F%25252Flocalhost%25253A9876%25252Fbase%25252Fapp%25252Fbower_components%25252Fangular%25252Fangular.js%25253F5e0b951c06cc7cc4cfccf139a0a26fd901dd43f5%25253A322%25253A20)%25250A%252520%252520%252520%252520at%252520loadModules%252520(http%25253A%25252F%25252Flocalhost%25253A9876%25252Fbase%25252Fapp%25252Fbower_components%25252Fangular%25252Fangular.js%25253F5e0b951c06cc7cc4cfccf139a0a26fd901dd43f5%25253A4548%25253A5)%25250A%252520%252520%252520%252520at%252520http%25253A%25252F%25252Flocalhost%25253A9876%25252Fbase%25252Fapp%25252Fbower_components%25252Fangular%25252Fangular.js%25253F5e0b951c06cc7cc4cfccf139a0a26fd901dd43f5%25253A4565%25253A40%25250A%252520%252520%252520%252520at%252520forEach%252520(http%25253A%25252F%25252Flocalhost%25253A9876%25252Fbase%25252Fapp%25252Fbower_components%25252Fangular%25252Fangular.js%25253F5e0b951c06cc7cc4cfccf139a0a26fd901dd43f5%25253A322%25253A20)%25250A%252520%252520%252520%252520at%252520loadModules%252520(http%25253A%25252F%25252Flocalhost%25253A9876%25252Fbase%25252Fapp%25252Fbower_components%25252Fangular%25252Fangular.js%25253F5e0b951c06cc7cc4cfccf139a0a26fd901dd43f5%25253A4548%25253A5)%250A%2520%2520%2520%2520at%2520http%253A%252F%252Flocalhost%253A9876%252Fbase%252Fapp%252Fbower_components%252Fangular%252Fangular.js%253F5e0b951c06cc7cc4cfccf139a0a26fd901dd43f5%253A68%253A12%250A%2520%2520%2520%2520at%2520http%253A%252F%252Flocalhost%253A9876%252Fbase%252Fapp%252Fbower_components%252Fangular%252Fangular.js%253F5e0b951c06cc7cc4cfccf139a0a26fd901dd43f5%253A4587%253A15%250A%2520%2520%2520%2520at%2520forEach%2520(http%253A%252F%252Flocalhost%253A9876%252Fbase%252Fapp%252Fbower_components%252Fangular%252Fangular.js%253F5e0b951c06cc7cc4cfccf139a0a26fd901dd43f5%253A322%253A20)%250A%2520%2520%2520%2520at%2520loadModules%2520(http%253A%252F%252Flocalhost%253A9876%252Fbase%252Fapp%252Fbower_components%252Fangular%252Fangular.js%253F5e0b951c06cc7cc4cfccf139a0a26fd901dd43f5%253A4548%253A5)%250A%2520%2520%2520%2520at%2520http%253A%252F%252Flocalhost%253A9876%252Fbase%252Fapp%252Fbower_components%252Fangular%252Fangular.js%253F5e0b951c06cc7cc4cfccf139a0a26fd901dd43f5%253A4565%253A40%250A%2520%2520%2520%2520at%2520forEach%2520(http%253A%252F%252Flocalhost%253A9876%252Fbase%252Fapp%252Fbower_components%252Fangular%252Fangular.js%253F5e0b951c06cc7cc4cfccf139a0a26fd901dd43f5%253A322%253A20)%250A%2520%2520%2520%2520at%2520loadModules%2520(http%253A%252F%252Flocalhost%253A9876%252Fbase%252Fapp%252Fbower_components%252Fangular%252Fangular.js%253F5e0b951c06cc7cc4cfccf139a0a26fd901dd43f5%253A4548%253A5)%250A%2520%2520%2520%2520at%2520http%253A%252F%252Flocalhost%253A9876%252Fbase%252Fapp%252Fbower_components%252Fangular%252Fangular.js%253F5e0b951c06cc7cc4cfccf139a0a26fd901dd43f5%253A4565%253A40%250A%2520%2520%2520%2520at%2520forEach%2520(http%253A%252F%252Flocalhost%253A9876%252Fbase%252Fapp%252Fbower_components%252Fangular%252Fangular.js%253F5e0b951c06cc7cc4cfccf139a0a26fd901dd43f5%253A322%253A20)%250A%2520%2520%2520%2520at%2520loadModules%2520(http%253A%252F%252Flocalhost%253A9876%252Fbase%252Fapp%252Fbower_components%252Fangular%252Fangular.js%253F5e0b951c06cc7cc4cfccf139a0a26fd901dd43f5%253A4548%253A5)%0A%20%20%20%20at%20http%3A%2F%2Flocalhost%3A9876%2Fbase%2Fapp%2Fbower_components%2Fangular%2Fangular.js%3F5e0b951c06cc7cc4cfccf139a0a26fd901dd43f5%3A68%3A12%0A%20%20%20%20at%20http%3A%2F%2Flocalhost%3A9876%2Fbase%2Fapp%2Fbower_components%2Fangular%2Fangular.js%3F5e0b951c06cc7cc4cfccf139a0a26fd901dd43f5%3A4587%3A15%0A%20%20%20%20at%20forEach%20(http%3A%2F%2Flocalhost%3A9876%2Fbase%2Fapp%2Fbower_components%2Fangular%2Fangular.js%3F5e0b951c06cc7cc4cfccf139a0a26fd901dd43f5%3A322%3A20)%0A%20%20%20%20at%20loadModules%20(http%3A%2F%2Flocalhost%3A9876%2Fbase%2Fapp%2Fbower_components%2Fangular%2Fangular.js%3F5e0b951c06cc7cc4cfccf139a0a26fd901dd43f5%3A4548%3A5)%0A%20%20%20%20at%20http%3A%2F%2Flocalhost%3A9876%2Fbase%2Fapp%2Fbower_components%2Fangular%2Fangular.js%3F5e0b951c06cc7cc4cfccf139a0a26fd901dd43f5%3A4565%3A40%0A%20%20%20%20at%20forEach%20(http%3A%2F%2Flocalhost%3A9876%2Fbase%2Fapp%2Fbower_components%2Fangular%2Fangular.js%3F5e0b951c06cc7cc4cfccf139a0a26fd901dd43f5%3A322%3A20)%0A%20%20%20%20at%20loadModules%20(http%3A%2F%2Flocalhost%3A9876%2Fbase%2Fapp%2Fbower_components%2Fangular%2Fangular.js%3F5e0b951c06cc7cc4cfccf139a0a26fd901dd43f5%3A4548%3A5)%0A%20%20%20%20at%20Object.createInjector%20%5Bas%20injector%5D%20(http%3A%2F%2Flocalhost%3A9876%2Fbase%2Fapp%2Fbower_components%2Fangular%2Fangular.js%3F5e0b951c06cc7cc4cfccf139a0a26fd901dd43f5%3A4470%3A19)%0A%20%20%20%20at%20Object.workFn%20(http%3A%2F%2Flocalhost%3A9876%2Fbase%2Fapp%2Fbower_components%2Fangular-mocks%2Fangular-mocks.js%3Fb6fbe774eeee827548de6a26026965e42523e860%3A2954%3A52)%0A%20%20%20%20at%20attemptSync%20(http%3A%2F%2Flocalhost%3A9876%2Fbase%2Fnode_modules%2Fjasmine-core%2Flib%2Fjasmine-core%2Fjasmine.js%3F391e45351df9ee35392d2e5cb623221a969fc009%3A1886%3A24)
	    at C:/workspace/angular/phonecat/app/bower_components/angular/angular.js:68:12
	    at C:/workspace/angular/phonecat/app/bower_components/angular/angular.js:4587:15
	    at forEach (C:/workspace/angular/phonecat/app/bower_components/angular/angular.js:322:20)
	    at loadModules (C:/workspace/angular/phonecat/app/bower_components/angular/angular.js:4548:5)
	    at Object.createInjector [as injector] (C:/workspace/angular/phonecat/app/bower_components/angular/angular.js:4470:19)
	    at Object.workFn (C:/workspace/angular/phonecat/app/bower_components/angular-mocks/angular-mocks.js:2954:52)
	TypeError: Cannot read property 'phones' of undefined
	    at Object.<anonymous> (C:/workspace/angular/phonecat/test/unit/controllersSpec.js:31:16)
Chrome 50.0.2661 (Windows 7 0.0.0): Executed 1 of 5 (1 FAILED) (0 secs / 0.054 secs)
[1A[2KChrome 50.0.2661 (Windows 7 0.0.0) PhoneCat controllers PhoneListCtrl should set the default value of orderProp model FAILED
	TypeError: this.addMatchers is not a function
	    at Object.<anonymous> (C:/workspace/angular/phonecat/test/unit/controllersSpec.js:7:7)
	Error: [$injector:modulerr] Failed to instantiate module phonecatApp due to:
	Error: [$injector:modulerr] Failed to instantiate module phonecatServices due to:
	Error: [$injector:modulerr] Failed to instantiate module ngResource due to:
	Error: [$injector:nomod] Module 'ngResource' is not available! You either misspelled the module name or forgot to load it. If registering a module ensure that you specify the dependencies as the second argument.
	http://errors.angularjs.org/1.5.5/$injector/nomod?p0=ngResource
	    at C:/workspace/angular/phonecat/app/bower_components/angular/angular.js:68:12
	    at C:/workspace/angular/phonecat/app/bower_components/angular/angular.js:2070:17
	    at ensure (C:/workspace/angular/phonecat/app/bower_components/angular/angular.js:1994:38)
	    at module (C:/workspace/angular/phonecat/app/bower_components/angular/angular.js:2068:14)
	    at C:/workspace/angular/phonecat/app/bower_components/angular/angular.js:4564:22
	    at forEach (C:/workspace/angular/phonecat/app/bower_components/angular/angular.js:322:20)
	    at loadModules (C:/workspace/angular/phonecat/app/bower_components/angular/angular.js:4548:5)
	    at C:/workspace/angular/phonecat/app/bower_components/angular/angular.js:4565:40
	    at forEach (C:/workspace/angular/phonecat/app/bower_components/angular/angular.js:322:20)
	    at loadModules (C:/workspace/angular/phonecat/app/bower_components/angular/angular.js:4548:5)
	http://errors.angularjs.org/1.5.5/$injector/modulerr?p0=ngResource&p1=Error%3A%20%5B%24injector%3Anomod%5D%20Module%20'ngResource'%20is%20not%20available!%20You%20either%20misspelled%20the%20module%20name%20or%20forgot%20to%20load%20it.%20If%20registering%20a%20module%20ensure%20that%20you%20specify%20the%20dependencies%20as%20the%20second%20argument.%0Ahttp%3A%2F%2Ferrors.angularjs.org%2F1.5.5%2F%24injector%2Fnomod%3Fp0%3DngResource%0A%20%20%20%20at%20http%3A%2F%2Flocalhost%3A9876%2FC:/workspace/angular/phonecat%2Fapp%2Fbower_components%2Fangular%2Fangular.js%3F5e0b951c06cc7cc4cfccf139a0a26fd901dd43f5%3A68%3A12%0A%20%20%20%20at%20http%3A%2F%2Flocalhost%3A9876%2Fbase%2Fapp%2Fbower_components%2Fangular%2Fangular.js%3F5e0b951c06cc7cc4cfccf139a0a26fd901dd43f5%3A2070%3A17%0A%20%20%20%20at%20ensure%20(http%3A%2F%2Flocalhost%3A9876%2Fbase%2Fapp%2Fbower_components%2Fangular%2Fangular.js%3F5e0b951c06cc7cc4cfccf139a0a26fd901dd43f5%3A1994%3A38)%0A%20%20%20%20at%20module%20(http%3A%2F%2Flocalhost%3A9876%2Fbase%2Fapp%2Fbower_components%2Fangular%2Fangular.js%3F5e0b951c06cc7cc4cfccf139a0a26fd901dd43f5%3A2068%3A14)%0A%20%20%20%20at%20http%3A%2F%2Flocalhost%3A9876%2Fbase%2Fapp%2Fbower_components%2Fangular%2Fangular.js%3F5e0b951c06cc7cc4cfccf139a0a26fd901dd43f5%3A4564%3A22%0A%20%20%20%20at%20forEach%20(http%3A%2F%2Flocalhost%3A9876%2Fbase%2Fapp%2Fbower_components%2Fangular%2Fangular.js%3F5e0b951c06cc7cc4cfccf139a0a26fd901dd43f5%3A322%3A20)%0A%20%20%20%20at%20loadModules%20(http%3A%2F%2Flocalhost%3A9876%2Fbase%2Fapp%2Fbower_components%2Fangular%2Fangular.js%3F5e0b951c06cc7cc4cfccf139a0a26fd901dd43f5%3A4548%3A5)%0A%20%20%20%20at%20http%3A%2F%2Flocalhost%3A9876%2Fbase%2Fapp%2Fbower_components%2Fangular%2Fangular.js%3F5e0b951c06cc7cc4cfccf139a0a26fd901dd43f5%3A4565%3A40%0A%20%20%20%20at%20forEach%20(http%3A%2F%2Flocalhost%3A9876%2Fbase%2Fapp%2Fbower_components%2Fangular%2Fangular.js%3F5e0b951c06cc7cc4cfccf139a0a26fd901dd43f5%3A322%3A20)%0A%20%20%20%20at%20loadModules%20(http%3A%2F%2Flocalhost%3A9876%2Fbase%2Fapp%2Fbower_components%2Fangular%2Fangular.js%3F5e0b951c06cc7cc4cfccf139a0a26fd901dd43f5%3A4548%3A5)
	    at C:/workspace/angular/phonecat/app/bower_components/angular/angular.js:68:12
	    at C:/workspace/angular/phonecat/app/bower_components/angular/angular.js:4587:15
	    at forEach (C:/workspace/angular/phonecat/app/bower_components/angular/angular.js:322:20)
	    at loadModules (C:/workspace/angular/phonecat/app/bower_components/angular/angular.js:4548:5)
	    at C:/workspace/angular/phonecat/app/bower_components/angular/angular.js:4565:40
	    at forEach (C:/workspace/angular/phonecat/app/bower_components/angular/angular.js:322:20)
	    at loadModules (C:/workspace/angular/phonecat/app/bower_components/angular/angular.js:4548:5)
	    at C:/workspace/angular/phonecat/app/bower_components/angular/angular.js:4565:40
	    at forEach (C:/workspace/angular/phonecat/app/bower_components/angular/angular.js:322:20)
	    at loadModules (C:/workspace/angular/phonecat/app/bower_components/angular/angular.js:4548:5)
	http://errors.angularjs.org/1.5.5/$injector/modulerr?p0=phonecatServices&p1=Error%3A%20%5B%24injector%3Amodulerr%5D%20Failed%20to%20instantiate%20module%20ngResource%20due%20to%3A%0AError%3A%20%5B%24injector%3Anomod%5D%20Module%20'ngResource'%20is%20not%20available!%20You%20either%20misspelled%20the%20module%20name%20or%20forgot%20to%20load%20it.%20If%20registering%20a%20module%20ensure%20that%20you%20specify%20the%20dependencies%20as%20the%20second%20argument.%0Ahttp%3A%2F%2Ferrors.angularjs.org%2F1.5.5%2F%24injector%2Fnomod%3Fp0%3DngResource%0A%20%20%20%20at%20http%3A%2F%2Flocalhost%3A9876%2FC:/workspace/angular/phonecat%2Fapp%2Fbower_components%2Fangular%2Fangular.js%3F5e0b951c06cc7cc4cfccf139a0a26fd901dd43f5%3A68%3A12%0A%20%20%20%20at%20http%3A%2F%2Flocalhost%3A9876%2Fbase%2Fapp%2Fbower_components%2Fangular%2Fangular.js%3F5e0b951c06cc7cc4cfccf139a0a26fd901dd43f5%3A2070%3A17%0A%20%20%20%20at%20ensure%20(http%3A%2F%2Flocalhost%3A9876%2Fbase%2Fapp%2Fbower_components%2Fangular%2Fangular.js%3F5e0b951c06cc7cc4cfccf139a0a26fd901dd43f5%3A1994%3A38)%0A%20%20%20%20at%20module%20(http%3A%2F%2Flocalhost%3A9876%2Fbase%2Fapp%2Fbower_components%2Fangular%2Fangular.js%3F5e0b951c06cc7cc4cfccf139a0a26fd901dd43f5%3A2068%3A14)%0A%20%20%20%20at%20http%3A%2F%2Flocalhost%3A9876%2Fbase%2Fapp%2Fbower_components%2Fangular%2Fangular.js%3F5e0b951c06cc7cc4cfccf139a0a26fd901dd43f5%3A4564%3A22%0A%20%20%20%20at%20forEach%20(http%3A%2F%2Flocalhost%3A9876%2Fbase%2Fapp%2Fbower_components%2Fangular%2Fangular.js%3F5e0b951c06cc7cc4cfccf139a0a26fd901dd43f5%3A322%3A20)%0A%20%20%20%20at%20loadModules%20(http%3A%2F%2Flocalhost%3A9876%2Fbase%2Fapp%2Fbower_components%2Fangular%2Fangular.js%3F5e0b951c06cc7cc4cfccf139a0a26fd901dd43f5%3A4548%3A5)%0A%20%20%20%20at%20http%3A%2F%2Flocalhost%3A9876%2Fbase%2Fapp%2Fbower_components%2Fangular%2Fangular.js%3F5e0b951c06cc7cc4cfccf139a0a26fd901dd43f5%3A4565%3A40%0A%20%20%20%20at%20forEach%20(http%3A%2F%2Flocalhost%3A9876%2Fbase%2Fapp%2Fbower_components%2Fangular%2Fangular.js%3F5e0b951c06cc7cc4cfccf139a0a26fd901dd43f5%3A322%3A20)%0A%20%20%20%20at%20loadModules%20(http%3A%2F%2Flocalhost%3A9876%2Fbase%2Fapp%2Fbower_components%2Fangular%2Fangular.js%3F5e0b951c06cc7cc4cfccf139a0a26fd901dd43f5%3A4548%3A5)%0Ahttp%3A%2F%2Ferrors.angularjs.org%2F1.5.5%2F%24injector%2Fmodulerr%3Fp0%3DngResource%26p1%3DError%253A%2520%255B%2524injector%253Anomod%255D%2520Module%2520'ngResource'%2520is%2520not%2520available!%2520You%2520either%2520misspelled%2520the%2520module%2520name%2520or%2520forgot%2520to%2520load%2520it.%2520If%2520registering%2520a%2520module%2520ensure%2520that%2520you%2520specify%2520the%2520dependencies%2520as%2520the%2520second%2520argument.%250Ahttp%253A%252F%252Ferrors.angularjs.org%252F1.5.5%252F%2524injector%252Fnomod%253Fp0%253DngResource%250A%2520%2520%2520%2520at%2520http%253A%252F%252Flocalhost%253A9876%252Fbase%252Fapp%252Fbower_components%252Fangular%252Fangular.js%253F5e0b951c06cc7cc4cfccf139a0a26fd901dd43f5%253A68%253A12%250A%2520%2520%2520%2520at%2520http%253A%252F%252Flocalhost%253A9876%252Fbase%252Fapp%252Fbower_components%252Fangular%252Fangular.js%253F5e0b951c06cc7cc4cfccf139a0a26fd901dd43f5%253A2070%253A17%250A%2520%2520%2520%2520at%2520ensure%2520(http%253A%252F%252Flocalhost%253A9876%252Fbase%252Fapp%252Fbower_components%252Fangular%252Fangular.js%253F5e0b951c06cc7cc4cfccf139a0a26fd901dd43f5%253A1994%253A38)%250A%2520%2520%2520%2520at%2520module%2520(http%253A%252F%252Flocalhost%253A9876%252Fbase%252Fapp%252Fbower_components%252Fangular%252Fangular.js%253F5e0b951c06cc7cc4cfccf139a0a26fd901dd43f5%253A2068%253A14)%250A%2520%2520%2520%2520at%2520http%253A%252F%252Flocalhost%253A9876%252Fbase%252Fapp%252Fbower_components%252Fangular%252Fangular.js%253F5e0b951c06cc7cc4cfccf139a0a26fd901dd43f5%253A4564%253A22%250A%2520%2520%2520%2520at%2520forEach%2520(http%253A%252F%252Flocalhost%253A9876%252Fbase%252Fapp%252Fbower_components%252Fangular%252Fangular.js%253F5e0b951c06cc7cc4cfccf139a0a26fd901dd43f5%253A322%253A20)%250A%2520%2520%2520%2520at%2520loadModules%2520(http%253A%252F%252Flocalhost%253A9876%252Fbase%252Fapp%252Fbower_components%252Fangular%252Fangular.js%253F5e0b951c06cc7cc4cfccf139a0a26fd901dd43f5%253A4548%253A5)%250A%2520%2520%2520%2520at%2520http%253A%252F%252Flocalhost%253A9876%252Fbase%252Fapp%252Fbower_components%252Fangular%252Fangular.js%253F5e0b951c06cc7cc4cfccf139a0a26fd901dd43f5%253A4565%253A40%250A%2520%2520%2520%2520at%2520forEach%2520(http%253A%252F%252Flocalhost%253A9876%252Fbase%252Fapp%252Fbower_components%252Fangular%252Fangular.js%253F5e0b951c06cc7cc4cfccf139a0a26fd901dd43f5%253A322%253A20)%250A%2520%2520%2520%2520at%2520loadModules%2520(http%253A%252F%252Flocalhost%253A9876%252Fbase%252Fapp%252Fbower_components%252Fangular%252Fangular.js%253F5e0b951c06cc7cc4cfccf139a0a26fd901dd43f5%253A4548%253A5)%0A%20%20%20%20at%20http%3A%2F%2Flocalhost%3A9876%2Fbase%2Fapp%2Fbower_components%2Fangular%2Fangular.js%3F5e0b951c06cc7cc4cfccf139a0a26fd901dd43f5%3A68%3A12%0A%20%20%20%20at%20http%3A%2F%2Flocalhost%3A9876%2Fbase%2Fapp%2Fbower_components%2Fangular%2Fangular.js%3F5e0b951c06cc7cc4cfccf139a0a26fd901dd43f5%3A4587%3A15%0A%20%20%20%20at%20forEach%20(http%3A%2F%2Flocalhost%3A9876%2Fbase%2Fapp%2Fbower_components%2Fangular%2Fangular.js%3F5e0b951c06cc7cc4cfccf139a0a26fd901dd43f5%3A322%3A20)%0A%20%20%20%20at%20loadModules%20(http%3A%2F%2Flocalhost%3A9876%2Fbase%2Fapp%2Fbower_components%2Fangular%2Fangular.js%3F5e0b951c06cc7cc4cfccf139a0a26fd901dd43f5%3A4548%3A5)%0A%20%20%20%20at%20http%3A%2F%2Flocalhost%3A9876%2Fbase%2Fapp%2Fbower_components%2Fangular%2Fangular.js%3F5e0b951c06cc7cc4cfccf139a0a26fd901dd43f5%3A4565%3A40%0A%20%20%20%20at%20forEach%20(http%3A%2F%2Flocalhost%3A9876%2Fbase%2Fapp%2Fbower_components%2Fangular%2Fangular.js%3F5e0b951c06cc7cc4cfccf139a0a26fd901dd43f5%3A322%3A20)%0A%20%20%20%20at%20loadModules%20(http%3A%2F%2Flocalhost%3A9876%2Fbase%2Fapp%2Fbower_components%2Fangular%2Fangular.js%3F5e0b951c06cc7cc4cfccf139a0a26fd901dd43f5%3A4548%3A5)%0A%20%20%20%20at%20http%3A%2F%2Flocalhost%3A9876%2Fbase%2Fapp%2Fbower_components%2Fangular%2Fangular.js%3F5e0b951c06cc7cc4cfccf139a0a26fd901dd43f5%3A4565%3A40%0A%20%20%20%20at%20forEach%20(http%3A%2F%2Flocalhost%3A9876%2Fbase%2Fapp%2Fbower_components%2Fangular%2Fangular.js%3F5e0b951c06cc7cc4cfccf139a0a26fd901dd43f5%3A322%3A20)%0A%20%20%20%20at%20loadModules%20(http%3A%2F%2Flocalhost%3A9876%2Fbase%2Fapp%2Fbower_components%2Fangular%2Fangular.js%3F5e0b951c06cc7cc4cfccf139a0a26fd901dd43f5%3A4548%3A5)
	    at C:/workspace/angular/phonecat/app/bower_components/angular/angular.js:68:12
	    at C:/workspace/angular/phonecat/app/bower_components/angular/angular.js:4587:15
	    at forEach (C:/workspace/angular/phonecat/app/bower_components/angular/angular.js:322:20)
	    at loadModules (C:/workspace/angular/phonecat/app/bower_components/angular/angular.js:4548:5)
	    at C:/workspace/angular/phonecat/app/bower_components/angular/angular.js:4565:40
	    at forEach (C:/workspace/angular/phonecat/app/bower_components/angular/angular.js:322:20)
	    at loadModules (C:/workspace/angular/phonecat/app/bower_components/angular/angular.js:4548:5)
	    at Object.createInjector [as injector] (C:/workspace/angular/phonecat/app/bower_components/angular/angular.js:4470:19)
	    at Object.workFn (C:/workspace/angular/phonecat/app/bower_components/angular-mocks/angular-mocks.js:2954:52)
	http://errors.angularjs.org/1.5.5/$injector/modulerr?p0=phonecatApp&p1=Error%3A%20%5B%24injector%3Amodulerr%5D%20Failed%20to%20instantiate%20module%20phonecatServices%20due%20to%3A%0AError%3A%20%5B%24injector%3Amodulerr%5D%20Failed%20to%20instantiate%20module%20ngResource%20due%20to%3A%0AError%3A%20%5B%24injector%3Anomod%5D%20Module%20'ngResource'%20is%20not%20available!%20You%20either%20misspelled%20the%20module%20name%20or%20forgot%20to%20load%20it.%20If%20registering%20a%20module%20ensure%20that%20you%20specify%20the%20dependencies%20as%20the%20second%20argument.%0Ahttp%3A%2F%2Ferrors.angularjs.org%2F1.5.5%2F%24injector%2Fnomod%3Fp0%3DngResource%0A%20%20%20%20at%20http%3A%2F%2Flocalhost%3A9876%2FC:/workspace/angular/phonecat%2Fapp%2Fbower_components%2Fangular%2Fangular.js%3F5e0b951c06cc7cc4cfccf139a0a26fd901dd43f5%3A68%3A12%0A%20%20%20%20at%20http%3A%2F%2Flocalhost%3A9876%2Fbase%2Fapp%2Fbower_components%2Fangular%2Fangular.js%3F5e0b951c06cc7cc4cfccf139a0a26fd901dd43f5%3A2070%3A17%0A%20%20%20%20at%20ensure%20(http%3A%2F%2Flocalhost%3A9876%2Fbase%2Fapp%2Fbower_components%2Fangular%2Fangular.js%3F5e0b951c06cc7cc4cfccf139a0a26fd901dd43f5%3A1994%3A38)%0A%20%20%20%20at%20module%20(http%3A%2F%2Flocalhost%3A9876%2Fbase%2Fapp%2Fbower_components%2Fangular%2Fangular.js%3F5e0b951c06cc7cc4cfccf139a0a26fd901dd43f5%3A2068%3A14)%0A%20%20%20%20at%20http%3A%2F%2Flocalhost%3A9876%2Fbase%2Fapp%2Fbower_components%2Fangular%2Fangular.js%3F5e0b951c06cc7cc4cfccf139a0a26fd901dd43f5%3A4564%3A22%0A%20%20%20%20at%20forEach%20(http%3A%2F%2Flocalhost%3A9876%2Fbase%2Fapp%2Fbower_components%2Fangular%2Fangular.js%3F5e0b951c06cc7cc4cfccf139a0a26fd901dd43f5%3A322%3A20)%0A%20%20%20%20at%20loadModules%20(http%3A%2F%2Flocalhost%3A9876%2Fbase%2Fapp%2Fbower_components%2Fangular%2Fangular.js%3F5e0b951c06cc7cc4cfccf139a0a26fd901dd43f5%3A4548%3A5)%0A%20%20%20%20at%20http%3A%2F%2Flocalhost%3A9876%2Fbase%2Fapp%2Fbower_components%2Fangular%2Fangular.js%3F5e0b951c06cc7cc4cfccf139a0a26fd901dd43f5%3A4565%3A40%0A%20%20%20%20at%20forEach%20(http%3A%2F%2Flocalhost%3A9876%2Fbase%2Fapp%2Fbower_components%2Fangular%2Fangular.js%3F5e0b951c06cc7cc4cfccf139a0a26fd901dd43f5%3A322%3A20)%0A%20%20%20%20at%20loadModules%20(http%3A%2F%2Flocalhost%3A9876%2Fbase%2Fapp%2Fbower_components%2Fangular%2Fangular.js%3F5e0b951c06cc7cc4cfccf139a0a26fd901dd43f5%3A4548%3A5)%0Ahttp%3A%2F%2Ferrors.angularjs.org%2F1.5.5%2F%24injector%2Fmodulerr%3Fp0%3DngResource%26p1%3DError%253A%2520%255B%2524injector%253Anomod%255D%2520Module%2520'ngResource'%2520is%2520not%2520available!%2520You%2520either%2520misspelled%2520the%2520module%2520name%2520or%2520forgot%2520to%2520load%2520it.%2520If%2520registering%2520a%2520module%2520ensure%2520that%2520you%2520specify%2520the%2520dependencies%2520as%2520the%2520second%2520argument.%250Ahttp%253A%252F%252Ferrors.angularjs.org%252F1.5.5%252F%2524injector%252Fnomod%253Fp0%253DngResource%250A%2520%2520%2520%2520at%2520http%253A%252F%252Flocalhost%253A9876%252Fbase%252Fapp%252Fbower_components%252Fangular%252Fangular.js%253F5e0b951c06cc7cc4cfccf139a0a26fd901dd43f5%253A68%253A12%250A%2520%2520%2520%2520at%2520http%253A%252F%252Flocalhost%253A9876%252Fbase%252Fapp%252Fbower_components%252Fangular%252Fangular.js%253F5e0b951c06cc7cc4cfccf139a0a26fd901dd43f5%253A2070%253A17%250A%2520%2520%2520%2520at%2520ensure%2520(http%253A%252F%252Flocalhost%253A9876%252Fbase%252Fapp%252Fbower_components%252Fangular%252Fangular.js%253F5e0b951c06cc7cc4cfccf139a0a26fd901dd43f5%253A1994%253A38)%250A%2520%2520%2520%2520at%2520module%2520(http%253A%252F%252Flocalhost%253A9876%252Fbase%252Fapp%252Fbower_components%252Fangular%252Fangular.js%253F5e0b951c06cc7cc4cfccf139a0a26fd901dd43f5%253A2068%253A14)%250A%2520%2520%2520%2520at%2520http%253A%252F%252Flocalhost%253A9876%252Fbase%252Fapp%252Fbower_components%252Fangular%252Fangular.js%253F5e0b951c06cc7cc4cfccf139a0a26fd901dd43f5%253A4564%253A22%250A%2520%2520%2520%2520at%2520forEach%2520(http%253A%252F%252Flocalhost%253A9876%252Fbase%252Fapp%252Fbower_components%252Fangular%252Fangular.js%253F5e0b951c06cc7cc4cfccf139a0a26fd901dd43f5%253A322%253A20)%250A%2520%2520%2520%2520at%2520loadModules%2520(http%253A%252F%252Flocalhost%253A9876%252Fbase%252Fapp%252Fbower_components%252Fangular%252Fangular.js%253F5e0b951c06cc7cc4cfccf139a0a26fd901dd43f5%253A4548%253A5)%250A%2520%2520%2520%2520at%2520http%253A%252F%252Flocalhost%253A9876%252Fbase%252Fapp%252Fbower_components%252Fangular%252Fangular.js%253F5e0b951c06cc7cc4cfccf139a0a26fd901dd43f5%253A4565%253A40%250A%2520%2520%2520%2520at%2520forEach%2520(http%253A%252F%252Flocalhost%253A9876%252Fbase%252Fapp%252Fbower_components%252Fangular%252Fangular.js%253F5e0b951c06cc7cc4cfccf139a0a26fd901dd43f5%253A322%253A20)%250A%2520%2520%2520%2520at%2520loadModules%2520(http%253A%252F%252Flocalhost%253A9876%252Fbase%252Fapp%252Fbower_components%252Fangular%252Fangular.js%253F5e0b951c06cc7cc4cfccf139a0a26fd901dd43f5%253A4548%253A5)%0A%20%20%20%20at%20http%3A%2F%2Flocalhost%3A9876%2Fbase%2Fapp%2Fbower_components%2Fangular%2Fangular.js%3F5e0b951c06cc7cc4cfccf139a0a26fd901dd43f5%3A68%3A12%0A%20%20%20%20at%20http%3A%2F%2Flocalhost%3A9876%2Fbase%2Fapp%2Fbower_components%2Fangular%2Fangular.js%3F5e0b951c06cc7cc4cfccf139a0a26fd901dd43f5%3A4587%3A15%0A%20%20%20%20at%20forEach%20(http%3A%2F%2Flocalhost%3A9876%2Fbase%2Fapp%2Fbower_components%2Fangular%2Fangular.js%3F5e0b951c06cc7cc4cfccf139a0a26fd901dd43f5%3A322%3A20)%0A%20%20%20%20at%20loadModules%20(http%3A%2F%2Flocalhost%3A9876%2Fbase%2Fapp%2Fbower_components%2Fangular%2Fangular.js%3F5e0b951c06cc7cc4cfccf139a0a26fd901dd43f5%3A4548%3A5)%0A%20%20%20%20at%20http%3A%2F%2Flocalhost%3A9876%2Fbase%2Fapp%2Fbower_components%2Fangular%2Fangular.js%3F5e0b951c06cc7cc4cfccf139a0a26fd901dd43f5%3A4565%3A40%0A%20%20%20%20at%20forEach%20(http%3A%2F%2Flocalhost%3A9876%2Fbase%2Fapp%2Fbower_components%2Fangular%2Fangular.js%3F5e0b951c06cc7cc4cfccf139a0a26fd901dd43f5%3A322%3A20)%0A%20%20%20%20at%20loadModules%20(http%3A%2F%2Flocalhost%3A9876%2Fbase%2Fapp%2Fbower_components%2Fangular%2Fangular.js%3F5e0b951c06cc7cc4cfccf139a0a26fd901dd43f5%3A4548%3A5)%0A%20%20%20%20at%20http%3A%2F%2Flocalhost%3A9876%2Fbase%2Fapp%2Fbower_components%2Fangular%2Fangular.js%3F5e0b951c06cc7cc4cfccf139a0a26fd901dd43f5%3A4565%3A40%0A%20%20%20%20at%20forEach%20(http%3A%2F%2Flocalhost%3A9876%2Fbase%2Fapp%2Fbower_components%2Fangular%2Fangular.js%3F5e0b951c06cc7cc4cfccf139a0a26fd901dd43f5%3A322%3A20)%0A%20%20%20%20at%20loadModules%20(http%3A%2F%2Flocalhost%3A9876%2Fbase%2Fapp%2Fbower_components%2Fangular%2Fangular.js%3F5e0b951c06cc7cc4cfccf139a0a26fd901dd43f5%3A4548%3A5)%0Ahttp%3A%2F%2Ferrors.angularjs.org%2F1.5.5%2F%24injector%2Fmodulerr%3Fp0%3DphonecatServices%26p1%3DError%253A%2520%255B%2524injector%253Amodulerr%255D%2520Failed%2520to%2520instantiate%2520module%2520ngResource%2520due%2520to%253A%250AError%253A%2520%255B%2524injector%253Anomod%255D%2520Module%2520'ngResource'%2520is%2520not%2520available!%2520You%2520either%2520misspelled%2520the%2520module%2520name%2520or%2520forgot%2520to%2520load%2520it.%2520If%2520registering%2520a%2520module%2520ensure%2520that%2520you%2520specify%2520the%2520dependencies%2520as%2520the%2520second%2520argument.%250Ahttp%253A%252F%252Ferrors.angularjs.org%252F1.5.5%252F%2524injector%252Fnomod%253Fp0%253DngResource%250A%2520%2520%2520%2520at%2520http%253A%252F%252Flocalhost%253A9876%252Fbase%252Fapp%252Fbower_components%252Fangular%252Fangular.js%253F5e0b951c06cc7cc4cfccf139a0a26fd901dd43f5%253A68%253A12%250A%2520%2520%2520%2520at%2520http%253A%252F%252Flocalhost%253A9876%252Fbase%252Fapp%252Fbower_components%252Fangular%252Fangular.js%253F5e0b951c06cc7cc4cfccf139a0a26fd901dd43f5%253A2070%253A17%250A%2520%2520%2520%2520at%2520ensure%2520(http%253A%252F%252Flocalhost%253A9876%252Fbase%252Fapp%252Fbower_components%252Fangular%252Fangular.js%253F5e0b951c06cc7cc4cfccf139a0a26fd901dd43f5%253A1994%253A38)%250A%2520%2520%2520%2520at%2520module%2520(http%253A%252F%252Flocalhost%253A9876%252Fbase%252Fapp%252Fbower_components%252Fangular%252Fangular.js%253F5e0b951c06cc7cc4cfccf139a0a26fd901dd43f5%253A2068%253A14)%250A%2520%2520%2520%2520at%2520http%253A%252F%252Flocalhost%253A9876%252Fbase%252Fapp%252Fbower_components%252Fangular%252Fangular.js%253F5e0b951c06cc7cc4cfccf139a0a26fd901dd43f5%253A4564%253A22%250A%2520%2520%2520%2520at%2520forEach%2520(http%253A%252F%252Flocalhost%253A9876%252Fbase%252Fapp%252Fbower_components%252Fangular%252Fangular.js%253F5e0b951c06cc7cc4cfccf139a0a26fd901dd43f5%253A322%253A20)%250A%2520%2520%2520%2520at%2520loadModules%2520(http%253A%252F%252Flocalhost%253A9876%252Fbase%252Fapp%252Fbower_components%252Fangular%252Fangular.js%253F5e0b951c06cc7cc4cfccf139a0a26fd901dd43f5%253A4548%253A5)%250A%2520%2520%2520%2520at%2520http%253A%252F%252Flocalhost%253A9876%252Fbase%252Fapp%252Fbower_components%252Fangular%252Fangular.js%253F5e0b951c06cc7cc4cfccf139a0a26fd901dd43f5%253A4565%253A40%250A%2520%2520%2520%2520at%2520forEach%2520(http%253A%252F%252Flocalhost%253A9876%252Fbase%252Fapp%252Fbower_components%252Fangular%252Fangular.js%253F5e0b951c06cc7cc4cfccf139a0a26fd901dd43f5%253A322%253A20)%250A%2520%2520%2520%2520at%2520loadModules%2520(http%253A%252F%252Flocalhost%253A9876%252Fbase%252Fapp%252Fbower_components%252Fangular%252Fangular.js%253F5e0b951c06cc7cc4cfccf139a0a26fd901dd43f5%253A4548%253A5)%250Ahttp%253A%252F%252Ferrors.angularjs.org%252F1.5.5%252F%2524injector%252Fmodulerr%253Fp0%253DngResource%2526p1%253DError%25253A%252520%25255B%252524injector%25253Anomod%25255D%252520Module%252520'ngResource'%252520is%252520not%252520available!%252520You%252520either%252520misspelled%252520the%252520module%252520name%252520or%252520forgot%252520to%252520load%252520it.%252520If%252520registering%252520a%252520module%252520ensure%252520that%252520you%252520specify%252520the%252520dependencies%252520as%252520the%252520second%252520argument.%25250Ahttp%25253A%25252F%25252Ferrors.angularjs.org%25252F1.5.5%25252F%252524injector%25252Fnomod%25253Fp0%25253DngResource%25250A%252520%252520%252520%252520at%252520http%25253A%25252F%25252Flocalhost%25253A9876%25252Fbase%25252Fapp%25252Fbower_components%25252Fangular%25252Fangular.js%25253F5e0b951c06cc7cc4cfccf139a0a26fd901dd43f5%25253A68%25253A12%25250A%252520%252520%252520%252520at%252520http%25253A%25252F%25252Flocalhost%25253A9876%25252Fbase%25252Fapp%25252Fbower_components%25252Fangular%25252Fangular.js%25253F5e0b951c06cc7cc4cfccf139a0a26fd901dd43f5%25253A2070%25253A17%25250A%252520%252520%252520%252520at%252520ensure%252520(http%25253A%25252F%25252Flocalhost%25253A9876%25252Fbase%25252Fapp%25252Fbower_components%25252Fangular%25252Fangular.js%25253F5e0b951c06cc7cc4cfccf139a0a26fd901dd43f5%25253A1994%25253A38)%25250A%252520%252520%252520%252520at%252520module%252520(http%25253A%25252F%25252Flocalhost%25253A9876%25252Fbase%25252Fapp%25252Fbower_components%25252Fangular%25252Fangular.js%25253F5e0b951c06cc7cc4cfccf139a0a26fd901dd43f5%25253A2068%25253A14)%25250A%252520%252520%252520%252520at%252520http%25253A%25252F%25252Flocalhost%25253A9876%25252Fbase%25252Fapp%25252Fbower_components%25252Fangular%25252Fangular.js%25253F5e0b951c06cc7cc4cfccf139a0a26fd901dd43f5%25253A4564%25253A22%25250A%252520%252520%252520%252520at%252520forEach%252520(http%25253A%25252F%25252Flocalhost%25253A9876%25252Fbase%25252Fapp%25252Fbower_components%25252Fangular%25252Fangular.js%25253F5e0b951c06cc7cc4cfccf139a0a26fd901dd43f5%25253A322%25253A20)%25250A%252520%252520%252520%252520at%252520loadModules%252520(http%25253A%25252F%25252Flocalhost%25253A9876%25252Fbase%25252Fapp%25252Fbower_components%25252Fangular%25252Fangular.js%25253F5e0b951c06cc7cc4cfccf139a0a26fd901dd43f5%25253A4548%25253A5)%25250A%252520%252520%252520%252520at%252520http%25253A%25252F%25252Flocalhost%25253A9876%25252Fbase%25252Fapp%25252Fbower_components%25252Fangular%25252Fangular.js%25253F5e0b951c06cc7cc4cfccf139a0a26fd901dd43f5%25253A4565%25253A40%25250A%252520%252520%252520%252520at%252520forEach%252520(http%25253A%25252F%25252Flocalhost%25253A9876%25252Fbase%25252Fapp%25252Fbower_components%25252Fangular%25252Fangular.js%25253F5e0b951c06cc7cc4cfccf139a0a26fd901dd43f5%25253A322%25253A20)%25250A%252520%252520%252520%252520at%252520loadModules%252520(http%25253A%25252F%25252Flocalhost%25253A9876%25252Fbase%25252Fapp%25252Fbower_components%25252Fangular%25252Fangular.js%25253F5e0b951c06cc7cc4cfccf139a0a26fd901dd43f5%25253A4548%25253A5)%250A%2520%2520%2520%2520at%2520http%253A%252F%252Flocalhost%253A9876%252Fbase%252Fapp%252Fbower_components%252Fangular%252Fangular.js%253F5e0b951c06cc7cc4cfccf139a0a26fd901dd43f5%253A68%253A12%250A%2520%2520%2520%2520at%2520http%253A%252F%252Flocalhost%253A9876%252Fbase%252Fapp%252Fbower_components%252Fangular%252Fangular.js%253F5e0b951c06cc7cc4cfccf139a0a26fd901dd43f5%253A4587%253A15%250A%2520%2520%2520%2520at%2520forEach%2520(http%253A%252F%252Flocalhost%253A9876%252Fbase%252Fapp%252Fbower_components%252Fangular%252Fangular.js%253F5e0b951c06cc7cc4cfccf139a0a26fd901dd43f5%253A322%253A20)%250A%2520%2520%2520%2520at%2520loadModules%2520(http%253A%252F%252Flocalhost%253A9876%252Fbase%252Fapp%252Fbower_components%252Fangular%252Fangular.js%253F5e0b951c06cc7cc4cfccf139a0a26fd901dd43f5%253A4548%253A5)%250A%2520%2520%2520%2520at%2520http%253A%252F%252Flocalhost%253A9876%252Fbase%252Fapp%252Fbower_components%252Fangular%252Fangular.js%253F5e0b951c06cc7cc4cfccf139a0a26fd901dd43f5%253A4565%253A40%250A%2520%2520%2520%2520at%2520forEach%2520(http%253A%252F%252Flocalhost%253A9876%252Fbase%252Fapp%252Fbower_components%252Fangular%252Fangular.js%253F5e0b951c06cc7cc4cfccf139a0a26fd901dd43f5%253A322%253A20)%250A%2520%2520%2520%2520at%2520loadModules%2520(http%253A%252F%252Flocalhost%253A9876%252Fbase%252Fapp%252Fbower_components%252Fangular%252Fangular.js%253F5e0b951c06cc7cc4cfccf139a0a26fd901dd43f5%253A4548%253A5)%250A%2520%2520%2520%2520at%2520http%253A%252F%252Flocalhost%253A9876%252Fbase%252Fapp%252Fbower_components%252Fangular%252Fangular.js%253F5e0b951c06cc7cc4cfccf139a0a26fd901dd43f5%253A4565%253A40%250A%2520%2520%2520%2520at%2520forEach%2520(http%253A%252F%252Flocalhost%253A9876%252Fbase%252Fapp%252Fbower_components%252Fangular%252Fangular.js%253F5e0b951c06cc7cc4cfccf139a0a26fd901dd43f5%253A322%253A20)%250A%2520%2520%2520%2520at%2520loadModules%2520(http%253A%252F%252Flocalhost%253A9876%252Fbase%252Fapp%252Fbower_components%252Fangular%252Fangular.js%253F5e0b951c06cc7cc4cfccf139a0a26fd901dd43f5%253A4548%253A5)%0A%20%20%20%20at%20http%3A%2F%2Flocalhost%3A9876%2Fbase%2Fapp%2Fbower_components%2Fangular%2Fangular.js%3F5e0b951c06cc7cc4cfccf139a0a26fd901dd43f5%3A68%3A12%0A%20%20%20%20at%20http%3A%2F%2Flocalhost%3A9876%2Fbase%2Fapp%2Fbower_components%2Fangular%2Fangular.js%3F5e0b951c06cc7cc4cfccf139a0a26fd901dd43f5%3A4587%3A15%0A%20%20%20%20at%20forEach%20(http%3A%2F%2Flocalhost%3A9876%2Fbase%2Fapp%2Fbower_components%2Fangular%2Fangular.js%3F5e0b951c06cc7cc4cfccf139a0a26fd901dd43f5%3A322%3A20)%0A%20%20%20%20at%20loadModules%20(http%3A%2F%2Flocalhost%3A9876%2Fbase%2Fapp%2Fbower_components%2Fangular%2Fangular.js%3F5e0b951c06cc7cc4cfccf139a0a26fd901dd43f5%3A4548%3A5)%0A%20%20%20%20at%20http%3A%2F%2Flocalhost%3A9876%2Fbase%2Fapp%2Fbower_components%2Fangular%2Fangular.js%3F5e0b951c06cc7cc4cfccf139a0a26fd901dd43f5%3A4565%3A40%0A%20%20%20%20at%20forEach%20(http%3A%2F%2Flocalhost%3A9876%2Fbase%2Fapp%2Fbower_components%2Fangular%2Fangular.js%3F5e0b951c06cc7cc4cfccf139a0a26fd901dd43f5%3A322%3A20)%0A%20%20%20%20at%20loadModules%20(http%3A%2F%2Flocalhost%3A9876%2Fbase%2Fapp%2Fbower_components%2Fangular%2Fangular.js%3F5e0b951c06cc7cc4cfccf139a0a26fd901dd43f5%3A4548%3A5)%0A%20%20%20%20at%20Object.createInjector%20%5Bas%20injector%5D%20(http%3A%2F%2Flocalhost%3A9876%2Fbase%2Fapp%2Fbower_components%2Fangular%2Fangular.js%3F5e0b951c06cc7cc4cfccf139a0a26fd901dd43f5%3A4470%3A19)%0A%20%20%20%20at%20Object.workFn%20(http%3A%2F%2Flocalhost%3A9876%2Fbase%2Fapp%2Fbower_components%2Fangular-mocks%2Fangular-mocks.js%3Fb6fbe774eeee827548de6a26026965e42523e860%3A2954%3A52)%0A%20%20%20%20at%20attemptSync%20(http%3A%2F%2Flocalhost%3A9876%2Fbase%2Fnode_modules%2Fjasmine-core%2Flib%2Fjasmine-core%2Fjasmine.js%3F391e45351df9ee35392d2e5cb623221a969fc009%3A1886%3A24)
	    at C:/workspace/angular/phonecat/app/bower_components/angular/angular.js:68:12
	    at C:/workspace/angular/phonecat/app/bower_components/angular/angular.js:4587:15
	    at forEach (C:/workspace/angular/phonecat/app/bower_components/angular/angular.js:322:20)
	    at loadModules (C:/workspace/angular/phonecat/app/bower_components/angular/angular.js:4548:5)
	    at Object.createInjector [as injector] (C:/workspace/angular/phonecat/app/bower_components/angular/angular.js:4470:19)
	    at Object.workFn (C:/workspace/angular/phonecat/app/bower_components/angular-mocks/angular-mocks.js:2954:52)
	TypeError: Cannot read property 'orderProp' of undefined
	    at Object.<anonymous> (C:/workspace/angular/phonecat/test/unit/controllersSpec.js:40:16)
Chrome 50.0.2661 (Windows 7 0.0.0): Executed 2 of 5 (2 FAILED) (0 secs / 0.067 secs)
[1A[2KChrome 50.0.2661 (Windows 7 0.0.0) PhoneCat controllers PhoneDetailCtrl should fetch phone detail FAILED
	TypeError: this.addMatchers is not a function
	    at Object.<anonymous> (C:/workspace/angular/phonecat/test/unit/controllersSpec.js:7:7)
	Error: [$injector:modulerr] Failed to instantiate module phonecatApp due to:
	Error: [$injector:modulerr] Failed to instantiate module phonecatServices due to:
	Error: [$injector:modulerr] Failed to instantiate module ngResource due to:
	Error: [$injector:nomod] Module 'ngResource' is not available! You either misspelled the module name or forgot to load it. If registering a module ensure that you specify the dependencies as the second argument.
	http://errors.angularjs.org/1.5.5/$injector/nomod?p0=ngResource
	    at C:/workspace/angular/phonecat/app/bower_components/angular/angular.js:68:12
	    at C:/workspace/angular/phonecat/app/bower_components/angular/angular.js:2070:17
	    at ensure (C:/workspace/angular/phonecat/app/bower_components/angular/angular.js:1994:38)
	    at module (C:/workspace/angular/phonecat/app/bower_components/angular/angular.js:2068:14)
	    at C:/workspace/angular/phonecat/app/bower_components/angular/angular.js:4564:22
	    at forEach (C:/workspace/angular/phonecat/app/bower_components/angular/angular.js:322:20)
	    at loadModules (C:/workspace/angular/phonecat/app/bower_components/angular/angular.js:4548:5)
	    at C:/workspace/angular/phonecat/app/bower_components/angular/angular.js:4565:40
	    at forEach (C:/workspace/angular/phonecat/app/bower_components/angular/angular.js:322:20)
	    at loadModules (C:/workspace/angular/phonecat/app/bower_components/angular/angular.js:4548:5)
	http://errors.angularjs.org/1.5.5/$injector/modulerr?p0=ngResource&p1=Error%3A%20%5B%24injector%3Anomod%5D%20Module%20'ngResource'%20is%20not%20available!%20You%20either%20misspelled%20the%20module%20name%20or%20forgot%20to%20load%20it.%20If%20registering%20a%20module%20ensure%20that%20you%20specify%20the%20dependencies%20as%20the%20second%20argument.%0Ahttp%3A%2F%2Ferrors.angularjs.org%2F1.5.5%2F%24injector%2Fnomod%3Fp0%3DngResource%0A%20%20%20%20at%20http%3A%2F%2Flocalhost%3A9876%2FC:/workspace/angular/phonecat%2Fapp%2Fbower_components%2Fangular%2Fangular.js%3F5e0b951c06cc7cc4cfccf139a0a26fd901dd43f5%3A68%3A12%0A%20%20%20%20at%20http%3A%2F%2Flocalhost%3A9876%2Fbase%2Fapp%2Fbower_components%2Fangular%2Fangular.js%3F5e0b951c06cc7cc4cfccf139a0a26fd901dd43f5%3A2070%3A17%0A%20%20%20%20at%20ensure%20(http%3A%2F%2Flocalhost%3A9876%2Fbase%2Fapp%2Fbower_components%2Fangular%2Fangular.js%3F5e0b951c06cc7cc4cfccf139a0a26fd901dd43f5%3A1994%3A38)%0A%20%20%20%20at%20module%20(http%3A%2F%2Flocalhost%3A9876%2Fbase%2Fapp%2Fbower_components%2Fangular%2Fangular.js%3F5e0b951c06cc7cc4cfccf139a0a26fd901dd43f5%3A2068%3A14)%0A%20%20%20%20at%20http%3A%2F%2Flocalhost%3A9876%2Fbase%2Fapp%2Fbower_components%2Fangular%2Fangular.js%3F5e0b951c06cc7cc4cfccf139a0a26fd901dd43f5%3A4564%3A22%0A%20%20%20%20at%20forEach%20(http%3A%2F%2Flocalhost%3A9876%2Fbase%2Fapp%2Fbower_components%2Fangular%2Fangular.js%3F5e0b951c06cc7cc4cfccf139a0a26fd901dd43f5%3A322%3A20)%0A%20%20%20%20at%20loadModules%20(http%3A%2F%2Flocalhost%3A9876%2Fbase%2Fapp%2Fbower_components%2Fangular%2Fangular.js%3F5e0b951c06cc7cc4cfccf139a0a26fd901dd43f5%3A4548%3A5)%0A%20%20%20%20at%20http%3A%2F%2Flocalhost%3A9876%2Fbase%2Fapp%2Fbower_components%2Fangular%2Fangular.js%3F5e0b951c06cc7cc4cfccf139a0a26fd901dd43f5%3A4565%3A40%0A%20%20%20%20at%20forEach%20(http%3A%2F%2Flocalhost%3A9876%2Fbase%2Fapp%2Fbower_components%2Fangular%2Fangular.js%3F5e0b951c06cc7cc4cfccf139a0a26fd901dd43f5%3A322%3A20)%0A%20%20%20%20at%20loadModules%20(http%3A%2F%2Flocalhost%3A9876%2Fbase%2Fapp%2Fbower_components%2Fangular%2Fangular.js%3F5e0b951c06cc7cc4cfccf139a0a26fd901dd43f5%3A4548%3A5)
	    at C:/workspace/angular/phonecat/app/bower_components/angular/angular.js:68:12
	    at C:/workspace/angular/phonecat/app/bower_components/angular/angular.js:4587:15
	    at forEach (C:/workspace/angular/phonecat/app/bower_components/angular/angular.js:322:20)
	    at loadModules (C:/workspace/angular/phonecat/app/bower_components/angular/angular.js:4548:5)
	    at C:/workspace/angular/phonecat/app/bower_components/angular/angular.js:4565:40
	    at forEach (C:/workspace/angular/phonecat/app/bower_components/angular/angular.js:322:20)
	    at loadModules (C:/workspace/angular/phonecat/app/bower_components/angular/angular.js:4548:5)
	    at C:/workspace/angular/phonecat/app/bower_components/angular/angular.js:4565:40
	    at forEach (C:/workspace/angular/phonecat/app/bower_components/angular/angular.js:322:20)
	    at loadModules (C:/workspace/angular/phonecat/app/bower_components/angular/angular.js:4548:5)
	http://errors.angularjs.org/1.5.5/$injector/modulerr?p0=phonecatServices&p1=Error%3A%20%5B%24injector%3Amodulerr%5D%20Failed%20to%20instantiate%20module%20ngResource%20due%20to%3A%0AError%3A%20%5B%24injector%3Anomod%5D%20Module%20'ngResource'%20is%20not%20available!%20You%20either%20misspelled%20the%20module%20name%20or%20forgot%20to%20load%20it.%20If%20registering%20a%20module%20ensure%20that%20you%20specify%20the%20dependencies%20as%20the%20second%20argument.%0Ahttp%3A%2F%2Ferrors.angularjs.org%2F1.5.5%2F%24injector%2Fnomod%3Fp0%3DngResource%0A%20%20%20%20at%20http%3A%2F%2Flocalhost%3A9876%2FC:/workspace/angular/phonecat%2Fapp%2Fbower_components%2Fangular%2Fangular.js%3F5e0b951c06cc7cc4cfccf139a0a26fd901dd43f5%3A68%3A12%0A%20%20%20%20at%20http%3A%2F%2Flocalhost%3A9876%2Fbase%2Fapp%2Fbower_components%2Fangular%2Fangular.js%3F5e0b951c06cc7cc4cfccf139a0a26fd901dd43f5%3A2070%3A17%0A%20%20%20%20at%20ensure%20(http%3A%2F%2Flocalhost%3A9876%2Fbase%2Fapp%2Fbower_components%2Fangular%2Fangular.js%3F5e0b951c06cc7cc4cfccf139a0a26fd901dd43f5%3A1994%3A38)%0A%20%20%20%20at%20module%20(http%3A%2F%2Flocalhost%3A9876%2Fbase%2Fapp%2Fbower_components%2Fangular%2Fangular.js%3F5e0b951c06cc7cc4cfccf139a0a26fd901dd43f5%3A2068%3A14)%0A%20%20%20%20at%20http%3A%2F%2Flocalhost%3A9876%2Fbase%2Fapp%2Fbower_components%2Fangular%2Fangular.js%3F5e0b951c06cc7cc4cfccf139a0a26fd901dd43f5%3A4564%3A22%0A%20%20%20%20at%20forEach%20(http%3A%2F%2Flocalhost%3A9876%2Fbase%2Fapp%2Fbower_components%2Fangular%2Fangular.js%3F5e0b951c06cc7cc4cfccf139a0a26fd901dd43f5%3A322%3A20)%0A%20%20%20%20at%20loadModules%20(http%3A%2F%2Flocalhost%3A9876%2Fbase%2Fapp%2Fbower_components%2Fangular%2Fangular.js%3F5e0b951c06cc7cc4cfccf139a0a26fd901dd43f5%3A4548%3A5)%0A%20%20%20%20at%20http%3A%2F%2Flocalhost%3A9876%2Fbase%2Fapp%2Fbower_components%2Fangular%2Fangular.js%3F5e0b951c06cc7cc4cfccf139a0a26fd901dd43f5%3A4565%3A40%0A%20%20%20%20at%20forEach%20(http%3A%2F%2Flocalhost%3A9876%2Fbase%2Fapp%2Fbower_components%2Fangular%2Fangular.js%3F5e0b951c06cc7cc4cfccf139a0a26fd901dd43f5%3A322%3A20)%0A%20%20%20%20at%20loadModules%20(http%3A%2F%2Flocalhost%3A9876%2Fbase%2Fapp%2Fbower_components%2Fangular%2Fangular.js%3F5e0b951c06cc7cc4cfccf139a0a26fd901dd43f5%3A4548%3A5)%0Ahttp%3A%2F%2Ferrors.angularjs.org%2F1.5.5%2F%24injector%2Fmodulerr%3Fp0%3DngResource%26p1%3DError%253A%2520%255B%2524injector%253Anomod%255D%2520Module%2520'ngResource'%2520is%2520not%2520available!%2520You%2520either%2520misspelled%2520the%2520module%2520name%2520or%2520forgot%2520to%2520load%2520it.%2520If%2520registering%2520a%2520module%2520ensure%2520that%2520you%2520specify%2520the%2520dependencies%2520as%2520the%2520second%2520argument.%250Ahttp%253A%252F%252Ferrors.angularjs.org%252F1.5.5%252F%2524injector%252Fnomod%253Fp0%253DngResource%250A%2520%2520%2520%2520at%2520http%253A%252F%252Flocalhost%253A9876%252Fbase%252Fapp%252Fbower_components%252Fangular%252Fangular.js%253F5e0b951c06cc7cc4cfccf139a0a26fd901dd43f5%253A68%253A12%250A%2520%2520%2520%2520at%2520http%253A%252F%252Flocalhost%253A9876%252Fbase%252Fapp%252Fbower_components%252Fangular%252Fangular.js%253F5e0b951c06cc7cc4cfccf139a0a26fd901dd43f5%253A2070%253A17%250A%2520%2520%2520%2520at%2520ensure%2520(http%253A%252F%252Flocalhost%253A9876%252Fbase%252Fapp%252Fbower_components%252Fangular%252Fangular.js%253F5e0b951c06cc7cc4cfccf139a0a26fd901dd43f5%253A1994%253A38)%250A%2520%2520%2520%2520at%2520module%2520(http%253A%252F%252Flocalhost%253A9876%252Fbase%252Fapp%252Fbower_components%252Fangular%252Fangular.js%253F5e0b951c06cc7cc4cfccf139a0a26fd901dd43f5%253A2068%253A14)%250A%2520%2520%2520%2520at%2520http%253A%252F%252Flocalhost%253A9876%252Fbase%252Fapp%252Fbower_components%252Fangular%252Fangular.js%253F5e0b951c06cc7cc4cfccf139a0a26fd901dd43f5%253A4564%253A22%250A%2520%2520%2520%2520at%2520forEach%2520(http%253A%252F%252Flocalhost%253A9876%252Fbase%252Fapp%252Fbower_components%252Fangular%252Fangular.js%253F5e0b951c06cc7cc4cfccf139a0a26fd901dd43f5%253A322%253A20)%250A%2520%2520%2520%2520at%2520loadModules%2520(http%253A%252F%252Flocalhost%253A9876%252Fbase%252Fapp%252Fbower_components%252Fangular%252Fangular.js%253F5e0b951c06cc7cc4cfccf139a0a26fd901dd43f5%253A4548%253A5)%250A%2520%2520%2520%2520at%2520http%253A%252F%252Flocalhost%253A9876%252Fbase%252Fapp%252Fbower_components%252Fangular%252Fangular.js%253F5e0b951c06cc7cc4cfccf139a0a26fd901dd43f5%253A4565%253A40%250A%2520%2520%2520%2520at%2520forEach%2520(http%253A%252F%252Flocalhost%253A9876%252Fbase%252Fapp%252Fbower_components%252Fangular%252Fangular.js%253F5e0b951c06cc7cc4cfccf139a0a26fd901dd43f5%253A322%253A20)%250A%2520%2520%2520%2520at%2520loadModules%2520(http%253A%252F%252Flocalhost%253A9876%252Fbase%252Fapp%252Fbower_components%252Fangular%252Fangular.js%253F5e0b951c06cc7cc4cfccf139a0a26fd901dd43f5%253A4548%253A5)%0A%20%20%20%20at%20http%3A%2F%2Flocalhost%3A9876%2Fbase%2Fapp%2Fbower_components%2Fangular%2Fangular.js%3F5e0b951c06cc7cc4cfccf139a0a26fd901dd43f5%3A68%3A12%0A%20%20%20%20at%20http%3A%2F%2Flocalhost%3A9876%2Fbase%2Fapp%2Fbower_components%2Fangular%2Fangular.js%3F5e0b951c06cc7cc4cfccf139a0a26fd901dd43f5%3A4587%3A15%0A%20%20%20%20at%20forEach%20(http%3A%2F%2Flocalhost%3A9876%2Fbase%2Fapp%2Fbower_components%2Fangular%2Fangular.js%3F5e0b951c06cc7cc4cfccf139a0a26fd901dd43f5%3A322%3A20)%0A%20%20%20%20at%20loadModules%20(http%3A%2F%2Flocalhost%3A9876%2Fbase%2Fapp%2Fbower_components%2Fangular%2Fangular.js%3F5e0b951c06cc7cc4cfccf139a0a26fd901dd43f5%3A4548%3A5)%0A%20%20%20%20at%20http%3A%2F%2Flocalhost%3A9876%2Fbase%2Fapp%2Fbower_components%2Fangular%2Fangular.js%3F5e0b951c06cc7cc4cfccf139a0a26fd901dd43f5%3A4565%3A40%0A%20%20%20%20at%20forEach%20(http%3A%2F%2Flocalhost%3A9876%2Fbase%2Fapp%2Fbower_components%2Fangular%2Fangular.js%3F5e0b951c06cc7cc4cfccf139a0a26fd901dd43f5%3A322%3A20)%0A%20%20%20%20at%20loadModules%20(http%3A%2F%2Flocalhost%3A9876%2Fbase%2Fapp%2Fbower_components%2Fangular%2Fangular.js%3F5e0b951c06cc7cc4cfccf139a0a26fd901dd43f5%3A4548%3A5)%0A%20%20%20%20at%20http%3A%2F%2Flocalhost%3A9876%2Fbase%2Fapp%2Fbower_components%2Fangular%2Fangular.js%3F5e0b951c06cc7cc4cfccf139a0a26fd901dd43f5%3A4565%3A40%0A%20%20%20%20at%20forEach%20(http%3A%2F%2Flocalhost%3A9876%2Fbase%2Fapp%2Fbower_components%2Fangular%2Fangular.js%3F5e0b951c06cc7cc4cfccf139a0a26fd901dd43f5%3A322%3A20)%0A%20%20%20%20at%20loadModules%20(http%3A%2F%2Flocalhost%3A9876%2Fbase%2Fapp%2Fbower_components%2Fangular%2Fangular.js%3F5e0b951c06cc7cc4cfccf139a0a26fd901dd43f5%3A4548%3A5)
	    at C:/workspace/angular/phonecat/app/bower_components/angular/angular.js:68:12
	    at C:/workspace/angular/phonecat/app/bower_components/angular/angular.js:4587:15
	    at forEach (C:/workspace/angular/phonecat/app/bower_components/angular/angular.js:322:20)
	    at loadModules (C:/workspace/angular/phonecat/app/bower_components/angular/angular.js:4548:5)
	    at C:/workspace/angular/phonecat/app/bower_components/angular/angular.js:4565:40
	    at forEach (C:/workspace/angular/phonecat/app/bower_components/angular/angular.js:322:20)
	    at loadModules (C:/workspace/angular/phonecat/app/bower_components/angular/angular.js:4548:5)
	    at Object.createInjector [as injector] (C:/workspace/angular/phonecat/app/bower_components/angular/angular.js:4470:19)
	    at Object.workFn (C:/workspace/angular/phonecat/app/bower_components/angular-mocks/angular-mocks.js:2954:52)
	http://errors.angularjs.org/1.5.5/$injector/modulerr?p0=phonecatApp&p1=Error%3A%20%5B%24injector%3Amodulerr%5D%20Failed%20to%20instantiate%20module%20phonecatServices%20due%20to%3A%0AError%3A%20%5B%24injector%3Amodulerr%5D%20Failed%20to%20instantiate%20module%20ngResource%20due%20to%3A%0AError%3A%20%5B%24injector%3Anomod%5D%20Module%20'ngResource'%20is%20not%20available!%20You%20either%20misspelled%20the%20module%20name%20or%20forgot%20to%20load%20it.%20If%20registering%20a%20module%20ensure%20that%20you%20specify%20the%20dependencies%20as%20the%20second%20argument.%0Ahttp%3A%2F%2Ferrors.angularjs.org%2F1.5.5%2F%24injector%2Fnomod%3Fp0%3DngResource%0A%20%20%20%20at%20http%3A%2F%2Flocalhost%3A9876%2FC:/workspace/angular/phonecat%2Fapp%2Fbower_components%2Fangular%2Fangular.js%3F5e0b951c06cc7cc4cfccf139a0a26fd901dd43f5%3A68%3A12%0A%20%20%20%20at%20http%3A%2F%2Flocalhost%3A9876%2Fbase%2Fapp%2Fbower_components%2Fangular%2Fangular.js%3F5e0b951c06cc7cc4cfccf139a0a26fd901dd43f5%3A2070%3A17%0A%20%20%20%20at%20ensure%20(http%3A%2F%2Flocalhost%3A9876%2Fbase%2Fapp%2Fbower_components%2Fangular%2Fangular.js%3F5e0b951c06cc7cc4cfccf139a0a26fd901dd43f5%3A1994%3A38)%0A%20%20%20%20at%20module%20(http%3A%2F%2Flocalhost%3A9876%2Fbase%2Fapp%2Fbower_components%2Fangular%2Fangular.js%3F5e0b951c06cc7cc4cfccf139a0a26fd901dd43f5%3A2068%3A14)%0A%20%20%20%20at%20http%3A%2F%2Flocalhost%3A9876%2Fbase%2Fapp%2Fbower_components%2Fangular%2Fangular.js%3F5e0b951c06cc7cc4cfccf139a0a26fd901dd43f5%3A4564%3A22%0A%20%20%20%20at%20forEach%20(http%3A%2F%2Flocalhost%3A9876%2Fbase%2Fapp%2Fbower_components%2Fangular%2Fangular.js%3F5e0b951c06cc7cc4cfccf139a0a26fd901dd43f5%3A322%3A20)%0A%20%20%20%20at%20loadModules%20(http%3A%2F%2Flocalhost%3A9876%2Fbase%2Fapp%2Fbower_components%2Fangular%2Fangular.js%3F5e0b951c06cc7cc4cfccf139a0a26fd901dd43f5%3A4548%3A5)%0A%20%20%20%20at%20http%3A%2F%2Flocalhost%3A9876%2Fbase%2Fapp%2Fbower_components%2Fangular%2Fangular.js%3F5e0b951c06cc7cc4cfccf139a0a26fd901dd43f5%3A4565%3A40%0A%20%20%20%20at%20forEach%20(http%3A%2F%2Flocalhost%3A9876%2Fbase%2Fapp%2Fbower_components%2Fangular%2Fangular.js%3F5e0b951c06cc7cc4cfccf139a0a26fd901dd43f5%3A322%3A20)%0A%20%20%20%20at%20loadModules%20(http%3A%2F%2Flocalhost%3A9876%2Fbase%2Fapp%2Fbower_components%2Fangular%2Fangular.js%3F5e0b951c06cc7cc4cfccf139a0a26fd901dd43f5%3A4548%3A5)%0Ahttp%3A%2F%2Ferrors.angularjs.org%2F1.5.5%2F%24injector%2Fmodulerr%3Fp0%3DngResource%26p1%3DError%253A%2520%255B%2524injector%253Anomod%255D%2520Module%2520'ngResource'%2520is%2520not%2520available!%2520You%2520either%2520misspelled%2520the%2520module%2520name%2520or%2520forgot%2520to%2520load%2520it.%2520If%2520registering%2520a%2520module%2520ensure%2520that%2520you%2520specify%2520the%2520dependencies%2520as%2520the%2520second%2520argument.%250Ahttp%253A%252F%252Ferrors.angularjs.org%252F1.5.5%252F%2524injector%252Fnomod%253Fp0%253DngResource%250A%2520%2520%2520%2520at%2520http%253A%252F%252Flocalhost%253A9876%252Fbase%252Fapp%252Fbower_components%252Fangular%252Fangular.js%253F5e0b951c06cc7cc4cfccf139a0a26fd901dd43f5%253A68%253A12%250A%2520%2520%2520%2520at%2520http%253A%252F%252Flocalhost%253A9876%252Fbase%252Fapp%252Fbower_components%252Fangular%252Fangular.js%253F5e0b951c06cc7cc4cfccf139a0a26fd901dd43f5%253A2070%253A17%250A%2520%2520%2520%2520at%2520ensure%2520(http%253A%252F%252Flocalhost%253A9876%252Fbase%252Fapp%252Fbower_components%252Fangular%252Fangular.js%253F5e0b951c06cc7cc4cfccf139a0a26fd901dd43f5%253A1994%253A38)%250A%2520%2520%2520%2520at%2520module%2520(http%253A%252F%252Flocalhost%253A9876%252Fbase%252Fapp%252Fbower_components%252Fangular%252Fangular.js%253F5e0b951c06cc7cc4cfccf139a0a26fd901dd43f5%253A2068%253A14)%250A%2520%2520%2520%2520at%2520http%253A%252F%252Flocalhost%253A9876%252Fbase%252Fapp%252Fbower_components%252Fangular%252Fangular.js%253F5e0b951c06cc7cc4cfccf139a0a26fd901dd43f5%253A4564%253A22%250A%2520%2520%2520%2520at%2520forEach%2520(http%253A%252F%252Flocalhost%253A9876%252Fbase%252Fapp%252Fbower_components%252Fangular%252Fangular.js%253F5e0b951c06cc7cc4cfccf139a0a26fd901dd43f5%253A322%253A20)%250A%2520%2520%2520%2520at%2520loadModules%2520(http%253A%252F%252Flocalhost%253A9876%252Fbase%252Fapp%252Fbower_components%252Fangular%252Fangular.js%253F5e0b951c06cc7cc4cfccf139a0a26fd901dd43f5%253A4548%253A5)%250A%2520%2520%2520%2520at%2520http%253A%252F%252Flocalhost%253A9876%252Fbase%252Fapp%252Fbower_components%252Fangular%252Fangular.js%253F5e0b951c06cc7cc4cfccf139a0a26fd901dd43f5%253A4565%253A40%250A%2520%2520%2520%2520at%2520forEach%2520(http%253A%252F%252Flocalhost%253A9876%252Fbase%252Fapp%252Fbower_components%252Fangular%252Fangular.js%253F5e0b951c06cc7cc4cfccf139a0a26fd901dd43f5%253A322%253A20)%250A%2520%2520%2520%2520at%2520loadModules%2520(http%253A%252F%252Flocalhost%253A9876%252Fbase%252Fapp%252Fbower_components%252Fangular%252Fangular.js%253F5e0b951c06cc7cc4cfccf139a0a26fd901dd43f5%253A4548%253A5)%0A%20%20%20%20at%20http%3A%2F%2Flocalhost%3A9876%2Fbase%2Fapp%2Fbower_components%2Fangular%2Fangular.js%3F5e0b951c06cc7cc4cfccf139a0a26fd901dd43f5%3A68%3A12%0A%20%20%20%20at%20http%3A%2F%2Flocalhost%3A9876%2Fbase%2Fapp%2Fbower_components%2Fangular%2Fangular.js%3F5e0b951c06cc7cc4cfccf139a0a26fd901dd43f5%3A4587%3A15%0A%20%20%20%20at%20forEach%20(http%3A%2F%2Flocalhost%3A9876%2Fbase%2Fapp%2Fbower_components%2Fangular%2Fangular.js%3F5e0b951c06cc7cc4cfccf139a0a26fd901dd43f5%3A322%3A20)%0A%20%20%20%20at%20loadModules%20(http%3A%2F%2Flocalhost%3A9876%2Fbase%2Fapp%2Fbower_components%2Fangular%2Fangular.js%3F5e0b951c06cc7cc4cfccf139a0a26fd901dd43f5%3A4548%3A5)%0A%20%20%20%20at%20http%3A%2F%2Flocalhost%3A9876%2Fbase%2Fapp%2Fbower_components%2Fangular%2Fangular.js%3F5e0b951c06cc7cc4cfccf139a0a26fd901dd43f5%3A4565%3A40%0A%20%20%20%20at%20forEach%20(http%3A%2F%2Flocalhost%3A9876%2Fbase%2Fapp%2Fbower_components%2Fangular%2Fangular.js%3F5e0b951c06cc7cc4cfccf139a0a26fd901dd43f5%3A322%3A20)%0A%20%20%20%20at%20loadModules%20(http%3A%2F%2Flocalhost%3A9876%2Fbase%2Fapp%2Fbower_components%2Fangular%2Fangular.js%3F5e0b951c06cc7cc4cfccf139a0a26fd901dd43f5%3A4548%3A5)%0A%20%20%20%20at%20http%3A%2F%2Flocalhost%3A9876%2Fbase%2Fapp%2Fbower_components%2Fangular%2Fangular.js%3F5e0b951c06cc7cc4cfccf139a0a26fd901dd43f5%3A4565%3A40%0A%20%20%20%20at%20forEach%20(http%3A%2F%2Flocalhost%3A9876%2Fbase%2Fapp%2Fbower_components%2Fangular%2Fangular.js%3F5e0b951c06cc7cc4cfccf139a0a26fd901dd43f5%3A322%3A20)%0A%20%20%20%20at%20loadModules%20(http%3A%2F%2Flocalhost%3A9876%2Fbase%2Fapp%2Fbower_components%2Fangular%2Fangular.js%3F5e0b951c06cc7cc4cfccf139a0a26fd901dd43f5%3A4548%3A5)%0Ahttp%3A%2F%2Ferrors.angularjs.org%2F1.5.5%2F%24injector%2Fmodulerr%3Fp0%3DphonecatServices%26p1%3DError%253A%2520%255B%2524injector%253Amodulerr%255D%2520Failed%2520to%2520instantiate%2520module%2520ngResource%2520due%2520to%253A%250AError%253A%2520%255B%2524injector%253Anomod%255D%2520Module%2520'ngResource'%2520is%2520not%2520available!%2520You%2520either%2520misspelled%2520the%2520module%2520name%2520or%2520forgot%2520to%2520load%2520it.%2520If%2520registering%2520a%2520module%2520ensure%2520that%2520you%2520specify%2520the%2520dependencies%2520as%2520the%2520second%2520argument.%250Ahttp%253A%252F%252Ferrors.angularjs.org%252F1.5.5%252F%2524injector%252Fnomod%253Fp0%253DngResource%250A%2520%2520%2520%2520at%2520http%253A%252F%252Flocalhost%253A9876%252Fbase%252Fapp%252Fbower_components%252Fangular%252Fangular.js%253F5e0b951c06cc7cc4cfccf139a0a26fd901dd43f5%253A68%253A12%250A%2520%2520%2520%2520at%2520http%253A%252F%252Flocalhost%253A9876%252Fbase%252Fapp%252Fbower_components%252Fangular%252Fangular.js%253F5e0b951c06cc7cc4cfccf139a0a26fd901dd43f5%253A2070%253A17%250A%2520%2520%2520%2520at%2520ensure%2520(http%253A%252F%252Flocalhost%253A9876%252Fbase%252Fapp%252Fbower_components%252Fangular%252Fangular.js%253F5e0b951c06cc7cc4cfccf139a0a26fd901dd43f5%253A1994%253A38)%250A%2520%2520%2520%2520at%2520module%2520(http%253A%252F%252Flocalhost%253A9876%252Fbase%252Fapp%252Fbower_components%252Fangular%252Fangular.js%253F5e0b951c06cc7cc4cfccf139a0a26fd901dd43f5%253A2068%253A14)%250A%2520%2520%2520%2520at%2520http%253A%252F%252Flocalhost%253A9876%252Fbase%252Fapp%252Fbower_components%252Fangular%252Fangular.js%253F5e0b951c06cc7cc4cfccf139a0a26fd901dd43f5%253A4564%253A22%250A%2520%2520%2520%2520at%2520forEach%2520(http%253A%252F%252Flocalhost%253A9876%252Fbase%252Fapp%252Fbower_components%252Fangular%252Fangular.js%253F5e0b951c06cc7cc4cfccf139a0a26fd901dd43f5%253A322%253A20)%250A%2520%2520%2520%2520at%2520loadModules%2520(http%253A%252F%252Flocalhost%253A9876%252Fbase%252Fapp%252Fbower_components%252Fangular%252Fangular.js%253F5e0b951c06cc7cc4cfccf139a0a26fd901dd43f5%253A4548%253A5)%250A%2520%2520%2520%2520at%2520http%253A%252F%252Flocalhost%253A9876%252Fbase%252Fapp%252Fbower_components%252Fangular%252Fangular.js%253F5e0b951c06cc7cc4cfccf139a0a26fd901dd43f5%253A4565%253A40%250A%2520%2520%2520%2520at%2520forEach%2520(http%253A%252F%252Flocalhost%253A9876%252Fbase%252Fapp%252Fbower_components%252Fangular%252Fangular.js%253F5e0b951c06cc7cc4cfccf139a0a26fd901dd43f5%253A322%253A20)%250A%2520%2520%2520%2520at%2520loadModules%2520(http%253A%252F%252Flocalhost%253A9876%252Fbase%252Fapp%252Fbower_components%252Fangular%252Fangular.js%253F5e0b951c06cc7cc4cfccf139a0a26fd901dd43f5%253A4548%253A5)%250Ahttp%253A%252F%252Ferrors.angularjs.org%252F1.5.5%252F%2524injector%252Fmodulerr%253Fp0%253DngResource%2526p1%253DError%25253A%252520%25255B%252524injector%25253Anomod%25255D%252520Module%252520'ngResource'%252520is%252520not%252520available!%252520You%252520either%252520misspelled%252520the%252520module%252520name%252520or%252520forgot%252520to%252520load%252520it.%252520If%252520registering%252520a%252520module%252520ensure%252520that%252520you%252520specify%252520the%252520dependencies%252520as%252520the%252520second%252520argument.%25250Ahttp%25253A%25252F%25252Ferrors.angularjs.org%25252F1.5.5%25252F%252524injector%25252Fnomod%25253Fp0%25253DngResource%25250A%252520%252520%252520%252520at%252520http%25253A%25252F%25252Flocalhost%25253A9876%25252Fbase%25252Fapp%25252Fbower_components%25252Fangular%25252Fangular.js%25253F5e0b951c06cc7cc4cfccf139a0a26fd901dd43f5%25253A68%25253A12%25250A%252520%252520%252520%252520at%252520http%25253A%25252F%25252Flocalhost%25253A9876%25252Fbase%25252Fapp%25252Fbower_components%25252Fangular%25252Fangular.js%25253F5e0b951c06cc7cc4cfccf139a0a26fd901dd43f5%25253A2070%25253A17%25250A%252520%252520%252520%252520at%252520ensure%252520(http%25253A%25252F%25252Flocalhost%25253A9876%25252Fbase%25252Fapp%25252Fbower_components%25252Fangular%25252Fangular.js%25253F5e0b951c06cc7cc4cfccf139a0a26fd901dd43f5%25253A1994%25253A38)%25250A%252520%252520%252520%252520at%252520module%252520(http%25253A%25252F%25252Flocalhost%25253A9876%25252Fbase%25252Fapp%25252Fbower_components%25252Fangular%25252Fangular.js%25253F5e0b951c06cc7cc4cfccf139a0a26fd901dd43f5%25253A2068%25253A14)%25250A%252520%252520%252520%252520at%252520http%25253A%25252F%25252Flocalhost%25253A9876%25252Fbase%25252Fapp%25252Fbower_components%25252Fangular%25252Fangular.js%25253F5e0b951c06cc7cc4cfccf139a0a26fd901dd43f5%25253A4564%25253A22%25250A%252520%252520%252520%252520at%252520forEach%252520(http%25253A%25252F%25252Flocalhost%25253A9876%25252Fbase%25252Fapp%25252Fbower_components%25252Fangular%25252Fangular.js%25253F5e0b951c06cc7cc4cfccf139a0a26fd901dd43f5%25253A322%25253A20)%25250A%252520%252520%252520%252520at%252520loadModules%252520(http%25253A%25252F%25252Flocalhost%25253A9876%25252Fbase%25252Fapp%25252Fbower_components%25252Fangular%25252Fangular.js%25253F5e0b951c06cc7cc4cfccf139a0a26fd901dd43f5%25253A4548%25253A5)%25250A%252520%252520%252520%252520at%252520http%25253A%25252F%25252Flocalhost%25253A9876%25252Fbase%25252Fapp%25252Fbower_components%25252Fangular%25252Fangular.js%25253F5e0b951c06cc7cc4cfccf139a0a26fd901dd43f5%25253A4565%25253A40%25250A%252520%252520%252520%252520at%252520forEach%252520(http%25253A%25252F%25252Flocalhost%25253A9876%25252Fbase%25252Fapp%25252Fbower_components%25252Fangular%25252Fangular.js%25253F5e0b951c06cc7cc4cfccf139a0a26fd901dd43f5%25253A322%25253A20)%25250A%252520%252520%252520%252520at%252520loadModules%252520(http%25253A%25252F%25252Flocalhost%25253A9876%25252Fbase%25252Fapp%25252Fbower_components%25252Fangular%25252Fangular.js%25253F5e0b951c06cc7cc4cfccf139a0a26fd901dd43f5%25253A4548%25253A5)%250A%2520%2520%2520%2520at%2520http%253A%252F%252Flocalhost%253A9876%252Fbase%252Fapp%252Fbower_components%252Fangular%252Fangular.js%253F5e0b951c06cc7cc4cfccf139a0a26fd901dd43f5%253A68%253A12%250A%2520%2520%2520%2520at%2520http%253A%252F%252Flocalhost%253A9876%252Fbase%252Fapp%252Fbower_components%252Fangular%252Fangular.js%253F5e0b951c06cc7cc4cfccf139a0a26fd901dd43f5%253A4587%253A15%250A%2520%2520%2520%2520at%2520forEach%2520(http%253A%252F%252Flocalhost%253A9876%252Fbase%252Fapp%252Fbower_components%252Fangular%252Fangular.js%253F5e0b951c06cc7cc4cfccf139a0a26fd901dd43f5%253A322%253A20)%250A%2520%2520%2520%2520at%2520loadModules%2520(http%253A%252F%252Flocalhost%253A9876%252Fbase%252Fapp%252Fbower_components%252Fangular%252Fangular.js%253F5e0b951c06cc7cc4cfccf139a0a26fd901dd43f5%253A4548%253A5)%250A%2520%2520%2520%2520at%2520http%253A%252F%252Flocalhost%253A9876%252Fbase%252Fapp%252Fbower_components%252Fangular%252Fangular.js%253F5e0b951c06cc7cc4cfccf139a0a26fd901dd43f5%253A4565%253A40%250A%2520%2520%2520%2520at%2520forEach%2520(http%253A%252F%252Flocalhost%253A9876%252Fbase%252Fapp%252Fbower_components%252Fangular%252Fangular.js%253F5e0b951c06cc7cc4cfccf139a0a26fd901dd43f5%253A322%253A20)%250A%2520%2520%2520%2520at%2520loadModules%2520(http%253A%252F%252Flocalhost%253A9876%252Fbase%252Fapp%252Fbower_components%252Fangular%252Fangular.js%253F5e0b951c06cc7cc4cfccf139a0a26fd901dd43f5%253A4548%253A5)%250A%2520%2520%2520%2520at%2520http%253A%252F%252Flocalhost%253A9876%252Fbase%252Fapp%252Fbower_components%252Fangular%252Fangular.js%253F5e0b951c06cc7cc4cfccf139a0a26fd901dd43f5%253A4565%253A40%250A%2520%2520%2520%2520at%2520forEach%2520(http%253A%252F%252Flocalhost%253A9876%252Fbase%252Fapp%252Fbower_components%252Fangular%252Fangular.js%253F5e0b951c06cc7cc4cfccf139a0a26fd901dd43f5%253A322%253A20)%250A%2520%2520%2520%2520at%2520loadModules%2520(http%253A%252F%252Flocalhost%253A9876%252Fbase%252Fapp%252Fbower_components%252Fangular%252Fangular.js%253F5e0b951c06cc7cc4cfccf139a0a26fd901dd43f5%253A4548%253A5)%0A%20%20%20%20at%20http%3A%2F%2Flocalhost%3A9876%2Fbase%2Fapp%2Fbower_components%2Fangular%2Fangular.js%3F5e0b951c06cc7cc4cfccf139a0a26fd901dd43f5%3A68%3A12%0A%20%20%20%20at%20http%3A%2F%2Flocalhost%3A9876%2Fbase%2Fapp%2Fbower_components%2Fangular%2Fangular.js%3F5e0b951c06cc7cc4cfccf139a0a26fd901dd43f5%3A4587%3A15%0A%20%20%20%20at%20forEach%20(http%3A%2F%2Flocalhost%3A9876%2Fbase%2Fapp%2Fbower_components%2Fangular%2Fangular.js%3F5e0b951c06cc7cc4cfccf139a0a26fd901dd43f5%3A322%3A20)%0A%20%20%20%20at%20loadModules%20(http%3A%2F%2Flocalhost%3A9876%2Fbase%2Fapp%2Fbower_components%2Fangular%2Fangular.js%3F5e0b951c06cc7cc4cfccf139a0a26fd901dd43f5%3A4548%3A5)%0A%20%20%20%20at%20http%3A%2F%2Flocalhost%3A9876%2Fbase%2Fapp%2Fbower_components%2Fangular%2Fangular.js%3F5e0b951c06cc7cc4cfccf139a0a26fd901dd43f5%3A4565%3A40%0A%20%20%20%20at%20forEach%20(http%3A%2F%2Flocalhost%3A9876%2Fbase%2Fapp%2Fbower_components%2Fangular%2Fangular.js%3F5e0b951c06cc7cc4cfccf139a0a26fd901dd43f5%3A322%3A20)%0A%20%20%20%20at%20loadModules%20(http%3A%2F%2Flocalhost%3A9876%2Fbase%2Fapp%2Fbower_components%2Fangular%2Fangular.js%3F5e0b951c06cc7cc4cfccf139a0a26fd901dd43f5%3A4548%3A5)%0A%20%20%20%20at%20Object.createInjector%20%5Bas%20injector%5D%20(http%3A%2F%2Flocalhost%3A9876%2Fbase%2Fapp%2Fbower_components%2Fangular%2Fangular.js%3F5e0b951c06cc7cc4cfccf139a0a26fd901dd43f5%3A4470%3A19)%0A%20%20%20%20at%20Object.workFn%20(http%3A%2F%2Flocalhost%3A9876%2Fbase%2Fapp%2Fbower_components%2Fangular-mocks%2Fangular-mocks.js%3Fb6fbe774eeee827548de6a26026965e42523e860%3A2954%3A52)%0A%20%20%20%20at%20attemptSync%20(http%3A%2F%2Flocalhost%3A9876%2Fbase%2Fnode_modules%2Fjasmine-core%2Flib%2Fjasmine-core%2Fjasmine.js%3F391e45351df9ee35392d2e5cb623221a969fc009%3A1886%3A24)
	    at C:/workspace/angular/phonecat/app/bower_components/angular/angular.js:68:12
	    at C:/workspace/angular/phonecat/app/bower_components/angular/angular.js:4587:15
	    at forEach (C:/workspace/angular/phonecat/app/bower_components/angular/angular.js:322:20)
	    at loadModules (C:/workspace/angular/phonecat/app/bower_components/angular/angular.js:4548:5)
	    at Object.createInjector [as injector] (C:/workspace/angular/phonecat/app/bower_components/angular/angular.js:4470:19)
	    at Object.workFn (C:/workspace/angular/phonecat/app/bower_components/angular-mocks/angular-mocks.js:2954:52)
	TypeError: Cannot read property 'phone' of undefined
	    at Object.<anonymous> (C:/workspace/angular/phonecat/test/unit/controllersSpec.js:66:16)
Chrome 50.0.2661 (Windows 7 0.0.0): Executed 3 of 5 (3 FAILED) (0 secs / 0.076 secs)
[1A[2KChrome 50.0.2661 (Windows 7 0.0.0): Executed 4 of 5 (3 FAILED) (0 secs / 0.09 secs)
[1A[2KChrome 50.0.2661 (Windows 7 0.0.0) service check the existence of Phone factory FAILED
	Error: [$injector:modulerr] Failed to instantiate module phonecatApp due to:
	Error: [$injector:modulerr] Failed to instantiate module phonecatServices due to:
	Error: [$injector:modulerr] Failed to instantiate module ngResource due to:
	Error: [$injector:nomod] Module 'ngResource' is not available! You either misspelled the module name or forgot to load it. If registering a module ensure that you specify the dependencies as the second argument.
	http://errors.angularjs.org/1.5.5/$injector/nomod?p0=ngResource
	    at C:/workspace/angular/phonecat/app/bower_components/angular/angular.js:68:12
	    at C:/workspace/angular/phonecat/app/bower_components/angular/angular.js:2070:17
	    at ensure (C:/workspace/angular/phonecat/app/bower_components/angular/angular.js:1994:38)
	    at module (C:/workspace/angular/phonecat/app/bower_components/angular/angular.js:2068:14)
	    at C:/workspace/angular/phonecat/app/bower_components/angular/angular.js:4564:22
	    at forEach (C:/workspace/angular/phonecat/app/bower_components/angular/angular.js:322:20)
	    at loadModules (C:/workspace/angular/phonecat/app/bower_components/angular/angular.js:4548:5)
	    at C:/workspace/angular/phonecat/app/bower_components/angular/angular.js:4565:40
	    at forEach (C:/workspace/angular/phonecat/app/bower_components/angular/angular.js:322:20)
	    at loadModules (C:/workspace/angular/phonecat/app/bower_components/angular/angular.js:4548:5)
	http://errors.angularjs.org/1.5.5/$injector/modulerr?p0=ngResource&p1=Error%3A%20%5B%24injector%3Anomod%5D%20Module%20'ngResource'%20is%20not%20available!%20You%20either%20misspelled%20the%20module%20name%20or%20forgot%20to%20load%20it.%20If%20registering%20a%20module%20ensure%20that%20you%20specify%20the%20dependencies%20as%20the%20second%20argument.%0Ahttp%3A%2F%2Ferrors.angularjs.org%2F1.5.5%2F%24injector%2Fnomod%3Fp0%3DngResource%0A%20%20%20%20at%20http%3A%2F%2Flocalhost%3A9876%2FC:/workspace/angular/phonecat%2Fapp%2Fbower_components%2Fangular%2Fangular.js%3F5e0b951c06cc7cc4cfccf139a0a26fd901dd43f5%3A68%3A12%0A%20%20%20%20at%20http%3A%2F%2Flocalhost%3A9876%2Fbase%2Fapp%2Fbower_components%2Fangular%2Fangular.js%3F5e0b951c06cc7cc4cfccf139a0a26fd901dd43f5%3A2070%3A17%0A%20%20%20%20at%20ensure%20(http%3A%2F%2Flocalhost%3A9876%2Fbase%2Fapp%2Fbower_components%2Fangular%2Fangular.js%3F5e0b951c06cc7cc4cfccf139a0a26fd901dd43f5%3A1994%3A38)%0A%20%20%20%20at%20module%20(http%3A%2F%2Flocalhost%3A9876%2Fbase%2Fapp%2Fbower_components%2Fangular%2Fangular.js%3F5e0b951c06cc7cc4cfccf139a0a26fd901dd43f5%3A2068%3A14)%0A%20%20%20%20at%20http%3A%2F%2Flocalhost%3A9876%2Fbase%2Fapp%2Fbower_components%2Fangular%2Fangular.js%3F5e0b951c06cc7cc4cfccf139a0a26fd901dd43f5%3A4564%3A22%0A%20%20%20%20at%20forEach%20(http%3A%2F%2Flocalhost%3A9876%2Fbase%2Fapp%2Fbower_components%2Fangular%2Fangular.js%3F5e0b951c06cc7cc4cfccf139a0a26fd901dd43f5%3A322%3A20)%0A%20%20%20%20at%20loadModules%20(http%3A%2F%2Flocalhost%3A9876%2Fbase%2Fapp%2Fbower_components%2Fangular%2Fangular.js%3F5e0b951c06cc7cc4cfccf139a0a26fd901dd43f5%3A4548%3A5)%0A%20%20%20%20at%20http%3A%2F%2Flocalhost%3A9876%2Fbase%2Fapp%2Fbower_components%2Fangular%2Fangular.js%3F5e0b951c06cc7cc4cfccf139a0a26fd901dd43f5%3A4565%3A40%0A%20%20%20%20at%20forEach%20(http%3A%2F%2Flocalhost%3A9876%2Fbase%2Fapp%2Fbower_components%2Fangular%2Fangular.js%3F5e0b951c06cc7cc4cfccf139a0a26fd901dd43f5%3A322%3A20)%0A%20%20%20%20at%20loadModules%20(http%3A%2F%2Flocalhost%3A9876%2Fbase%2Fapp%2Fbower_components%2Fangular%2Fangular.js%3F5e0b951c06cc7cc4cfccf139a0a26fd901dd43f5%3A4548%3A5)
	    at C:/workspace/angular/phonecat/app/bower_components/angular/angular.js:68:12
	    at C:/workspace/angular/phonecat/app/bower_components/angular/angular.js:4587:15
	    at forEach (C:/workspace/angular/phonecat/app/bower_components/angular/angular.js:322:20)
	    at loadModules (C:/workspace/angular/phonecat/app/bower_components/angular/angular.js:4548:5)
	    at C:/workspace/angular/phonecat/app/bower_components/angular/angular.js:4565:40
	    at forEach (C:/workspace/angular/phonecat/app/bower_components/angular/angular.js:322:20)
	    at loadModules (C:/workspace/angular/phonecat/app/bower_components/angular/angular.js:4548:5)
	    at C:/workspace/angular/phonecat/app/bower_components/angular/angular.js:4565:40
	    at forEach (C:/workspace/angular/phonecat/app/bower_components/angular/angular.js:322:20)
	    at loadModules (C:/workspace/angular/phonecat/app/bower_components/angular/angular.js:4548:5)
	http://errors.angularjs.org/1.5.5/$injector/modulerr?p0=phonecatServices&p1=Error%3A%20%5B%24injector%3Amodulerr%5D%20Failed%20to%20instantiate%20module%20ngResource%20due%20to%3A%0AError%3A%20%5B%24injector%3Anomod%5D%20Module%20'ngResource'%20is%20not%20available!%20You%20either%20misspelled%20the%20module%20name%20or%20forgot%20to%20load%20it.%20If%20registering%20a%20module%20ensure%20that%20you%20specify%20the%20dependencies%20as%20the%20second%20argument.%0Ahttp%3A%2F%2Ferrors.angularjs.org%2F1.5.5%2F%24injector%2Fnomod%3Fp0%3DngResource%0A%20%20%20%20at%20http%3A%2F%2Flocalhost%3A9876%2FC:/workspace/angular/phonecat%2Fapp%2Fbower_components%2Fangular%2Fangular.js%3F5e0b951c06cc7cc4cfccf139a0a26fd901dd43f5%3A68%3A12%0A%20%20%20%20at%20http%3A%2F%2Flocalhost%3A9876%2Fbase%2Fapp%2Fbower_components%2Fangular%2Fangular.js%3F5e0b951c06cc7cc4cfccf139a0a26fd901dd43f5%3A2070%3A17%0A%20%20%20%20at%20ensure%20(http%3A%2F%2Flocalhost%3A9876%2Fbase%2Fapp%2Fbower_components%2Fangular%2Fangular.js%3F5e0b951c06cc7cc4cfccf139a0a26fd901dd43f5%3A1994%3A38)%0A%20%20%20%20at%20module%20(http%3A%2F%2Flocalhost%3A9876%2Fbase%2Fapp%2Fbower_components%2Fangular%2Fangular.js%3F5e0b951c06cc7cc4cfccf139a0a26fd901dd43f5%3A2068%3A14)%0A%20%20%20%20at%20http%3A%2F%2Flocalhost%3A9876%2Fbase%2Fapp%2Fbower_components%2Fangular%2Fangular.js%3F5e0b951c06cc7cc4cfccf139a0a26fd901dd43f5%3A4564%3A22%0A%20%20%20%20at%20forEach%20(http%3A%2F%2Flocalhost%3A9876%2Fbase%2Fapp%2Fbower_components%2Fangular%2Fangular.js%3F5e0b951c06cc7cc4cfccf139a0a26fd901dd43f5%3A322%3A20)%0A%20%20%20%20at%20loadModules%20(http%3A%2F%2Flocalhost%3A9876%2Fbase%2Fapp%2Fbower_components%2Fangular%2Fangular.js%3F5e0b951c06cc7cc4cfccf139a0a26fd901dd43f5%3A4548%3A5)%0A%20%20%20%20at%20http%3A%2F%2Flocalhost%3A9876%2Fbase%2Fapp%2Fbower_components%2Fangular%2Fangular.js%3F5e0b951c06cc7cc4cfccf139a0a26fd901dd43f5%3A4565%3A40%0A%20%20%20%20at%20forEach%20(http%3A%2F%2Flocalhost%3A9876%2Fbase%2Fapp%2Fbower_components%2Fangular%2Fangular.js%3F5e0b951c06cc7cc4cfccf139a0a26fd901dd43f5%3A322%3A20)%0A%20%20%20%20at%20loadModules%20(http%3A%2F%2Flocalhost%3A9876%2Fbase%2Fapp%2Fbower_components%2Fangular%2Fangular.js%3F5e0b951c06cc7cc4cfccf139a0a26fd901dd43f5%3A4548%3A5)%0Ahttp%3A%2F%2Ferrors.angularjs.org%2F1.5.5%2F%24injector%2Fmodulerr%3Fp0%3DngResource%26p1%3DError%253A%2520%255B%2524injector%253Anomod%255D%2520Module%2520'ngResource'%2520is%2520not%2520available!%2520You%2520either%2520misspelled%2520the%2520module%2520name%2520or%2520forgot%2520to%2520load%2520it.%2520If%2520registering%2520a%2520module%2520ensure%2520that%2520you%2520specify%2520the%2520dependencies%2520as%2520the%2520second%2520argument.%250Ahttp%253A%252F%252Ferrors.angularjs.org%252F1.5.5%252F%2524injector%252Fnomod%253Fp0%253DngResource%250A%2520%2520%2520%2520at%2520http%253A%252F%252Flocalhost%253A9876%252Fbase%252Fapp%252Fbower_components%252Fangular%252Fangular.js%253F5e0b951c06cc7cc4cfccf139a0a26fd901dd43f5%253A68%253A12%250A%2520%2520%2520%2520at%2520http%253A%252F%252Flocalhost%253A9876%252Fbase%252Fapp%252Fbower_components%252Fangular%252Fangular.js%253F5e0b951c06cc7cc4cfccf139a0a26fd901dd43f5%253A2070%253A17%250A%2520%2520%2520%2520at%2520ensure%2520(http%253A%252F%252Flocalhost%253A9876%252Fbase%252Fapp%252Fbower_components%252Fangular%252Fangular.js%253F5e0b951c06cc7cc4cfccf139a0a26fd901dd43f5%253A1994%253A38)%250A%2520%2520%2520%2520at%2520module%2520(http%253A%252F%252Flocalhost%253A9876%252Fbase%252Fapp%252Fbower_components%252Fangular%252Fangular.js%253F5e0b951c06cc7cc4cfccf139a0a26fd901dd43f5%253A2068%253A14)%250A%2520%2520%2520%2520at%2520http%253A%252F%252Flocalhost%253A9876%252Fbase%252Fapp%252Fbower_components%252Fangular%252Fangular.js%253F5e0b951c06cc7cc4cfccf139a0a26fd901dd43f5%253A4564%253A22%250A%2520%2520%2520%2520at%2520forEach%2520(http%253A%252F%252Flocalhost%253A9876%252Fbase%252Fapp%252Fbower_components%252Fangular%252Fangular.js%253F5e0b951c06cc7cc4cfccf139a0a26fd901dd43f5%253A322%253A20)%250A%2520%2520%2520%2520at%2520loadModules%2520(http%253A%252F%252Flocalhost%253A9876%252Fbase%252Fapp%252Fbower_components%252Fangular%252Fangular.js%253F5e0b951c06cc7cc4cfccf139a0a26fd901dd43f5%253A4548%253A5)%250A%2520%2520%2520%2520at%2520http%253A%252F%252Flocalhost%253A9876%252Fbase%252Fapp%252Fbower_components%252Fangular%252Fangular.js%253F5e0b951c06cc7cc4cfccf139a0a26fd901dd43f5%253A4565%253A40%250A%2520%2520%2520%2520at%2520forEach%2520(http%253A%252F%252Flocalhost%253A9876%252Fbase%252Fapp%252Fbower_components%252Fangular%252Fangular.js%253F5e0b951c06cc7cc4cfccf139a0a26fd901dd43f5%253A322%253A20)%250A%2520%2520%2520%2520at%2520loadModules%2520(http%253A%252F%252Flocalhost%253A9876%252Fbase%252Fapp%252Fbower_components%252Fangular%252Fangular.js%253F5e0b951c06cc7cc4cfccf139a0a26fd901dd43f5%253A4548%253A5)%0A%20%20%20%20at%20http%3A%2F%2Flocalhost%3A9876%2Fbase%2Fapp%2Fbower_components%2Fangular%2Fangular.js%3F5e0b951c06cc7cc4cfccf139a0a26fd901dd43f5%3A68%3A12%0A%20%20%20%20at%20http%3A%2F%2Flocalhost%3A9876%2Fbase%2Fapp%2Fbower_components%2Fangular%2Fangular.js%3F5e0b951c06cc7cc4cfccf139a0a26fd901dd43f5%3A4587%3A15%0A%20%20%20%20at%20forEach%20(http%3A%2F%2Flocalhost%3A9876%2Fbase%2Fapp%2Fbower_components%2Fangular%2Fangular.js%3F5e0b951c06cc7cc4cfccf139a0a26fd901dd43f5%3A322%3A20)%0A%20%20%20%20at%20loadModules%20(http%3A%2F%2Flocalhost%3A9876%2Fbase%2Fapp%2Fbower_components%2Fangular%2Fangular.js%3F5e0b951c06cc7cc4cfccf139a0a26fd901dd43f5%3A4548%3A5)%0A%20%20%20%20at%20http%3A%2F%2Flocalhost%3A9876%2Fbase%2Fapp%2Fbower_components%2Fangular%2Fangular.js%3F5e0b951c06cc7cc4cfccf139a0a26fd901dd43f5%3A4565%3A40%0A%20%20%20%20at%20forEach%20(http%3A%2F%2Flocalhost%3A9876%2Fbase%2Fapp%2Fbower_components%2Fangular%2Fangular.js%3F5e0b951c06cc7cc4cfccf139a0a26fd901dd43f5%3A322%3A20)%0A%20%20%20%20at%20loadModules%20(http%3A%2F%2Flocalhost%3A9876%2Fbase%2Fapp%2Fbower_components%2Fangular%2Fangular.js%3F5e0b951c06cc7cc4cfccf139a0a26fd901dd43f5%3A4548%3A5)%0A%20%20%20%20at%20http%3A%2F%2Flocalhost%3A9876%2Fbase%2Fapp%2Fbower_components%2Fangular%2Fangular.js%3F5e0b951c06cc7cc4cfccf139a0a26fd901dd43f5%3A4565%3A40%0A%20%20%20%20at%20forEach%20(http%3A%2F%2Flocalhost%3A9876%2Fbase%2Fapp%2Fbower_components%2Fangular%2Fangular.js%3F5e0b951c06cc7cc4cfccf139a0a26fd901dd43f5%3A322%3A20)%0A%20%20%20%20at%20loadModules%20(http%3A%2F%2Flocalhost%3A9876%2Fbase%2Fapp%2Fbower_components%2Fangular%2Fangular.js%3F5e0b951c06cc7cc4cfccf139a0a26fd901dd43f5%3A4548%3A5)
	    at C:/workspace/angular/phonecat/app/bower_components/angular/angular.js:68:12
	    at C:/workspace/angular/phonecat/app/bower_components/angular/angular.js:4587:15
	    at forEach (C:/workspace/angular/phonecat/app/bower_components/angular/angular.js:322:20)
	    at loadModules (C:/workspace/angular/phonecat/app/bower_components/angular/angular.js:4548:5)
	    at C:/workspace/angular/phonecat/app/bower_components/angular/angular.js:4565:40
	    at forEach (C:/workspace/angular/phonecat/app/bower_components/angular/angular.js:322:20)
	    at loadModules (C:/workspace/angular/phonecat/app/bower_components/angular/angular.js:4548:5)
	    at Object.createInjector [as injector] (C:/workspace/angular/phonecat/app/bower_components/angular/angular.js:4470:19)
	    at Object.workFn (C:/workspace/angular/phonecat/app/bower_components/angular-mocks/angular-mocks.js:2954:52)
	http://errors.angularjs.org/1.5.5/$injector/modulerr?p0=phonecatApp&p1=Error%3A%20%5B%24injector%3Amodulerr%5D%20Failed%20to%20instantiate%20module%20phonecatServices%20due%20to%3A%0AError%3A%20%5B%24injector%3Amodulerr%5D%20Failed%20to%20instantiate%20module%20ngResource%20due%20to%3A%0AError%3A%20%5B%24injector%3Anomod%5D%20Module%20'ngResource'%20is%20not%20available!%20You%20either%20misspelled%20the%20module%20name%20or%20forgot%20to%20load%20it.%20If%20registering%20a%20module%20ensure%20that%20you%20specify%20the%20dependencies%20as%20the%20second%20argument.%0Ahttp%3A%2F%2Ferrors.angularjs.org%2F1.5.5%2F%24injector%2Fnomod%3Fp0%3DngResource%0A%20%20%20%20at%20http%3A%2F%2Flocalhost%3A9876%2FC:/workspace/angular/phonecat%2Fapp%2Fbower_components%2Fangular%2Fangular.js%3F5e0b951c06cc7cc4cfccf139a0a26fd901dd43f5%3A68%3A12%0A%20%20%20%20at%20http%3A%2F%2Flocalhost%3A9876%2Fbase%2Fapp%2Fbower_components%2Fangular%2Fangular.js%3F5e0b951c06cc7cc4cfccf139a0a26fd901dd43f5%3A2070%3A17%0A%20%20%20%20at%20ensure%20(http%3A%2F%2Flocalhost%3A9876%2Fbase%2Fapp%2Fbower_components%2Fangular%2Fangular.js%3F5e0b951c06cc7cc4cfccf139a0a26fd901dd43f5%3A1994%3A38)%0A%20%20%20%20at%20module%20(http%3A%2F%2Flocalhost%3A9876%2Fbase%2Fapp%2Fbower_components%2Fangular%2Fangular.js%3F5e0b951c06cc7cc4cfccf139a0a26fd901dd43f5%3A2068%3A14)%0A%20%20%20%20at%20http%3A%2F%2Flocalhost%3A9876%2Fbase%2Fapp%2Fbower_components%2Fangular%2Fangular.js%3F5e0b951c06cc7cc4cfccf139a0a26fd901dd43f5%3A4564%3A22%0A%20%20%20%20at%20forEach%20(http%3A%2F%2Flocalhost%3A9876%2Fbase%2Fapp%2Fbower_components%2Fangular%2Fangular.js%3F5e0b951c06cc7cc4cfccf139a0a26fd901dd43f5%3A322%3A20)%0A%20%20%20%20at%20loadModules%20(http%3A%2F%2Flocalhost%3A9876%2Fbase%2Fapp%2Fbower_components%2Fangular%2Fangular.js%3F5e0b951c06cc7cc4cfccf139a0a26fd901dd43f5%3A4548%3A5)%0A%20%20%20%20at%20http%3A%2F%2Flocalhost%3A9876%2Fbase%2Fapp%2Fbower_components%2Fangular%2Fangular.js%3F5e0b951c06cc7cc4cfccf139a0a26fd901dd43f5%3A4565%3A40%0A%20%20%20%20at%20forEach%20(http%3A%2F%2Flocalhost%3A9876%2Fbase%2Fapp%2Fbower_components%2Fangular%2Fangular.js%3F5e0b951c06cc7cc4cfccf139a0a26fd901dd43f5%3A322%3A20)%0A%20%20%20%20at%20loadModules%20(http%3A%2F%2Flocalhost%3A9876%2Fbase%2Fapp%2Fbower_components%2Fangular%2Fangular.js%3F5e0b951c06cc7cc4cfccf139a0a26fd901dd43f5%3A4548%3A5)%0Ahttp%3A%2F%2Ferrors.angularjs.org%2F1.5.5%2F%24injector%2Fmodulerr%3Fp0%3DngResource%26p1%3DError%253A%2520%255B%2524injector%253Anomod%255D%2520Module%2520'ngResource'%2520is%2520not%2520available!%2520You%2520either%2520misspelled%2520the%2520module%2520name%2520or%2520forgot%2520to%2520load%2520it.%2520If%2520registering%2520a%2520module%2520ensure%2520that%2520you%2520specify%2520the%2520dependencies%2520as%2520the%2520second%2520argument.%250Ahttp%253A%252F%252Ferrors.angularjs.org%252F1.5.5%252F%2524injector%252Fnomod%253Fp0%253DngResource%250A%2520%2520%2520%2520at%2520http%253A%252F%252Flocalhost%253A9876%252Fbase%252Fapp%252Fbower_components%252Fangular%252Fangular.js%253F5e0b951c06cc7cc4cfccf139a0a26fd901dd43f5%253A68%253A12%250A%2520%2520%2520%2520at%2520http%253A%252F%252Flocalhost%253A9876%252Fbase%252Fapp%252Fbower_components%252Fangular%252Fangular.js%253F5e0b951c06cc7cc4cfccf139a0a26fd901dd43f5%253A2070%253A17%250A%2520%2520%2520%2520at%2520ensure%2520(http%253A%252F%252Flocalhost%253A9876%252Fbase%252Fapp%252Fbower_components%252Fangular%252Fangular.js%253F5e0b951c06cc7cc4cfccf139a0a26fd901dd43f5%253A1994%253A38)%250A%2520%2520%2520%2520at%2520module%2520(http%253A%252F%252Flocalhost%253A9876%252Fbase%252Fapp%252Fbower_components%252Fangular%252Fangular.js%253F5e0b951c06cc7cc4cfccf139a0a26fd901dd43f5%253A2068%253A14)%250A%2520%2520%2520%2520at%2520http%253A%252F%252Flocalhost%253A9876%252Fbase%252Fapp%252Fbower_components%252Fangular%252Fangular.js%253F5e0b951c06cc7cc4cfccf139a0a26fd901dd43f5%253A4564%253A22%250A%2520%2520%2520%2520at%2520forEach%2520(http%253A%252F%252Flocalhost%253A9876%252Fbase%252Fapp%252Fbower_components%252Fangular%252Fangular.js%253F5e0b951c06cc7cc4cfccf139a0a26fd901dd43f5%253A322%253A20)%250A%2520%2520%2520%2520at%2520loadModules%2520(http%253A%252F%252Flocalhost%253A9876%252Fbase%252Fapp%252Fbower_components%252Fangular%252Fangular.js%253F5e0b951c06cc7cc4cfccf139a0a26fd901dd43f5%253A4548%253A5)%250A%2520%2520%2520%2520at%2520http%253A%252F%252Flocalhost%253A9876%252Fbase%252Fapp%252Fbower_components%252Fangular%252Fangular.js%253F5e0b951c06cc7cc4cfccf139a0a26fd901dd43f5%253A4565%253A40%250A%2520%2520%2520%2520at%2520forEach%2520(http%253A%252F%252Flocalhost%253A9876%252Fbase%252Fapp%252Fbower_components%252Fangular%252Fangular.js%253F5e0b951c06cc7cc4cfccf139a0a26fd901dd43f5%253A322%253A20)%250A%2520%2520%2520%2520at%2520loadModules%2520(http%253A%252F%252Flocalhost%253A9876%252Fbase%252Fapp%252Fbower_components%252Fangular%252Fangular.js%253F5e0b951c06cc7cc4cfccf139a0a26fd901dd43f5%253A4548%253A5)%0A%20%20%20%20at%20http%3A%2F%2Flocalhost%3A9876%2Fbase%2Fapp%2Fbower_components%2Fangular%2Fangular.js%3F5e0b951c06cc7cc4cfccf139a0a26fd901dd43f5%3A68%3A12%0A%20%20%20%20at%20http%3A%2F%2Flocalhost%3A9876%2Fbase%2Fapp%2Fbower_components%2Fangular%2Fangular.js%3F5e0b951c06cc7cc4cfccf139a0a26fd901dd43f5%3A4587%3A15%0A%20%20%20%20at%20forEach%20(http%3A%2F%2Flocalhost%3A9876%2Fbase%2Fapp%2Fbower_components%2Fangular%2Fangular.js%3F5e0b951c06cc7cc4cfccf139a0a26fd901dd43f5%3A322%3A20)%0A%20%20%20%20at%20loadModules%20(http%3A%2F%2Flocalhost%3A9876%2Fbase%2Fapp%2Fbower_components%2Fangular%2Fangular.js%3F5e0b951c06cc7cc4cfccf139a0a26fd901dd43f5%3A4548%3A5)%0A%20%20%20%20at%20http%3A%2F%2Flocalhost%3A9876%2Fbase%2Fapp%2Fbower_components%2Fangular%2Fangular.js%3F5e0b951c06cc7cc4cfccf139a0a26fd901dd43f5%3A4565%3A40%0A%20%20%20%20at%20forEach%20(http%3A%2F%2Flocalhost%3A9876%2Fbase%2Fapp%2Fbower_components%2Fangular%2Fangular.js%3F5e0b951c06cc7cc4cfccf139a0a26fd901dd43f5%3A322%3A20)%0A%20%20%20%20at%20loadModules%20(http%3A%2F%2Flocalhost%3A9876%2Fbase%2Fapp%2Fbower_components%2Fangular%2Fangular.js%3F5e0b951c06cc7cc4cfccf139a0a26fd901dd43f5%3A4548%3A5)%0A%20%20%20%20at%20http%3A%2F%2Flocalhost%3A9876%2Fbase%2Fapp%2Fbower_components%2Fangular%2Fangular.js%3F5e0b951c06cc7cc4cfccf139a0a26fd901dd43f5%3A4565%3A40%0A%20%20%20%20at%20forEach%20(http%3A%2F%2Flocalhost%3A9876%2Fbase%2Fapp%2Fbower_components%2Fangular%2Fangular.js%3F5e0b951c06cc7cc4cfccf139a0a26fd901dd43f5%3A322%3A20)%0A%20%20%20%20at%20loadModules%20(http%3A%2F%2Flocalhost%3A9876%2Fbase%2Fapp%2Fbower_components%2Fangular%2Fangular.js%3F5e0b951c06cc7cc4cfccf139a0a26fd901dd43f5%3A4548%3A5)%0Ahttp%3A%2F%2Ferrors.angularjs.org%2F1.5.5%2F%24injector%2Fmodulerr%3Fp0%3DphonecatServices%26p1%3DError%253A%2520%255B%2524injector%253Amodulerr%255D%2520Failed%2520to%2520instantiate%2520module%2520ngResource%2520due%2520to%253A%250AError%253A%2520%255B%2524injector%253Anomod%255D%2520Module%2520'ngResource'%2520is%2520not%2520available!%2520You%2520either%2520misspelled%2520the%2520module%2520name%2520or%2520forgot%2520to%2520load%2520it.%2520If%2520registering%2520a%2520module%2520ensure%2520that%2520you%2520specify%2520the%2520dependencies%2520as%2520the%2520second%2520argument.%250Ahttp%253A%252F%252Ferrors.angularjs.org%252F1.5.5%252F%2524injector%252Fnomod%253Fp0%253DngResource%250A%2520%2520%2520%2520at%2520http%253A%252F%252Flocalhost%253A9876%252Fbase%252Fapp%252Fbower_components%252Fangular%252Fangular.js%253F5e0b951c06cc7cc4cfccf139a0a26fd901dd43f5%253A68%253A12%250A%2520%2520%2520%2520at%2520http%253A%252F%252Flocalhost%253A9876%252Fbase%252Fapp%252Fbower_components%252Fangular%252Fangular.js%253F5e0b951c06cc7cc4cfccf139a0a26fd901dd43f5%253A2070%253A17%250A%2520%2520%2520%2520at%2520ensure%2520(http%253A%252F%252Flocalhost%253A9876%252Fbase%252Fapp%252Fbower_components%252Fangular%252Fangular.js%253F5e0b951c06cc7cc4cfccf139a0a26fd901dd43f5%253A1994%253A38)%250A%2520%2520%2520%2520at%2520module%2520(http%253A%252F%252Flocalhost%253A9876%252Fbase%252Fapp%252Fbower_components%252Fangular%252Fangular.js%253F5e0b951c06cc7cc4cfccf139a0a26fd901dd43f5%253A2068%253A14)%250A%2520%2520%2520%2520at%2520http%253A%252F%252Flocalhost%253A9876%252Fbase%252Fapp%252Fbower_components%252Fangular%252Fangular.js%253F5e0b951c06cc7cc4cfccf139a0a26fd901dd43f5%253A4564%253A22%250A%2520%2520%2520%2520at%2520forEach%2520(http%253A%252F%252Flocalhost%253A9876%252Fbase%252Fapp%252Fbower_components%252Fangular%252Fangular.js%253F5e0b951c06cc7cc4cfccf139a0a26fd901dd43f5%253A322%253A20)%250A%2520%2520%2520%2520at%2520loadModules%2520(http%253A%252F%252Flocalhost%253A9876%252Fbase%252Fapp%252Fbower_components%252Fangular%252Fangular.js%253F5e0b951c06cc7cc4cfccf139a0a26fd901dd43f5%253A4548%253A5)%250A%2520%2520%2520%2520at%2520http%253A%252F%252Flocalhost%253A9876%252Fbase%252Fapp%252Fbower_components%252Fangular%252Fangular.js%253F5e0b951c06cc7cc4cfccf139a0a26fd901dd43f5%253A4565%253A40%250A%2520%2520%2520%2520at%2520forEach%2520(http%253A%252F%252Flocalhost%253A9876%252Fbase%252Fapp%252Fbower_components%252Fangular%252Fangular.js%253F5e0b951c06cc7cc4cfccf139a0a26fd901dd43f5%253A322%253A20)%250A%2520%2520%2520%2520at%2520loadModules%2520(http%253A%252F%252Flocalhost%253A9876%252Fbase%252Fapp%252Fbower_components%252Fangular%252Fangular.js%253F5e0b951c06cc7cc4cfccf139a0a26fd901dd43f5%253A4548%253A5)%250Ahttp%253A%252F%252Ferrors.angularjs.org%252F1.5.5%252F%2524injector%252Fmodulerr%253Fp0%253DngResource%2526p1%253DError%25253A%252520%25255B%252524injector%25253Anomod%25255D%252520Module%252520'ngResource'%252520is%252520not%252520available!%252520You%252520either%252520misspelled%252520the%252520module%252520name%252520or%252520forgot%252520to%252520load%252520it.%252520If%252520registering%252520a%252520module%252520ensure%252520that%252520you%252520specify%252520the%252520dependencies%252520as%252520the%252520second%252520argument.%25250Ahttp%25253A%25252F%25252Ferrors.angularjs.org%25252F1.5.5%25252F%252524injector%25252Fnomod%25253Fp0%25253DngResource%25250A%252520%252520%252520%252520at%252520http%25253A%25252F%25252Flocalhost%25253A9876%25252Fbase%25252Fapp%25252Fbower_components%25252Fangular%25252Fangular.js%25253F5e0b951c06cc7cc4cfccf139a0a26fd901dd43f5%25253A68%25253A12%25250A%252520%252520%252520%252520at%252520http%25253A%25252F%25252Flocalhost%25253A9876%25252Fbase%25252Fapp%25252Fbower_components%25252Fangular%25252Fangular.js%25253F5e0b951c06cc7cc4cfccf139a0a26fd901dd43f5%25253A2070%25253A17%25250A%252520%252520%252520%252520at%252520ensure%252520(http%25253A%25252F%25252Flocalhost%25253A9876%25252Fbase%25252Fapp%25252Fbower_components%25252Fangular%25252Fangular.js%25253F5e0b951c06cc7cc4cfccf139a0a26fd901dd43f5%25253A1994%25253A38)%25250A%252520%252520%252520%252520at%252520module%252520(http%25253A%25252F%25252Flocalhost%25253A9876%25252Fbase%25252Fapp%25252Fbower_components%25252Fangular%25252Fangular.js%25253F5e0b951c06cc7cc4cfccf139a0a26fd901dd43f5%25253A2068%25253A14)%25250A%252520%252520%252520%252520at%252520http%25253A%25252F%25252Flocalhost%25253A9876%25252Fbase%25252Fapp%25252Fbower_components%25252Fangular%25252Fangular.js%25253F5e0b951c06cc7cc4cfccf139a0a26fd901dd43f5%25253A4564%25253A22%25250A%252520%252520%252520%252520at%252520forEach%252520(http%25253A%25252F%25252Flocalhost%25253A9876%25252Fbase%25252Fapp%25252Fbower_components%25252Fangular%25252Fangular.js%25253F5e0b951c06cc7cc4cfccf139a0a26fd901dd43f5%25253A322%25253A20)%25250A%252520%252520%252520%252520at%252520loadModules%252520(http%25253A%25252F%25252Flocalhost%25253A9876%25252Fbase%25252Fapp%25252Fbower_components%25252Fangular%25252Fangular.js%25253F5e0b951c06cc7cc4cfccf139a0a26fd901dd43f5%25253A4548%25253A5)%25250A%252520%252520%252520%252520at%252520http%25253A%25252F%25252Flocalhost%25253A9876%25252Fbase%25252Fapp%25252Fbower_components%25252Fangular%25252Fangular.js%25253F5e0b951c06cc7cc4cfccf139a0a26fd901dd43f5%25253A4565%25253A40%25250A%252520%252520%252520%252520at%252520forEach%252520(http%25253A%25252F%25252Flocalhost%25253A9876%25252Fbase%25252Fapp%25252Fbower_components%25252Fangular%25252Fangular.js%25253F5e0b951c06cc7cc4cfccf139a0a26fd901dd43f5%25253A322%25253A20)%25250A%252520%252520%252520%252520at%252520loadModules%252520(http%25253A%25252F%25252Flocalhost%25253A9876%25252Fbase%25252Fapp%25252Fbower_components%25252Fangular%25252Fangular.js%25253F5e0b951c06cc7cc4cfccf139a0a26fd901dd43f5%25253A4548%25253A5)%250A%2520%2520%2520%2520at%2520http%253A%252F%252Flocalhost%253A9876%252Fbase%252Fapp%252Fbower_components%252Fangular%252Fangular.js%253F5e0b951c06cc7cc4cfccf139a0a26fd901dd43f5%253A68%253A12%250A%2520%2520%2520%2520at%2520http%253A%252F%252Flocalhost%253A9876%252Fbase%252Fapp%252Fbower_components%252Fangular%252Fangular.js%253F5e0b951c06cc7cc4cfccf139a0a26fd901dd43f5%253A4587%253A15%250A%2520%2520%2520%2520at%2520forEach%2520(http%253A%252F%252Flocalhost%253A9876%252Fbase%252Fapp%252Fbower_components%252Fangular%252Fangular.js%253F5e0b951c06cc7cc4cfccf139a0a26fd901dd43f5%253A322%253A20)%250A%2520%2520%2520%2520at%2520loadModules%2520(http%253A%252F%252Flocalhost%253A9876%252Fbase%252Fapp%252Fbower_components%252Fangular%252Fangular.js%253F5e0b951c06cc7cc4cfccf139a0a26fd901dd43f5%253A4548%253A5)%250A%2520%2520%2520%2520at%2520http%253A%252F%252Flocalhost%253A9876%252Fbase%252Fapp%252Fbower_components%252Fangular%252Fangular.js%253F5e0b951c06cc7cc4cfccf139a0a26fd901dd43f5%253A4565%253A40%250A%2520%2520%2520%2520at%2520forEach%2520(http%253A%252F%252Flocalhost%253A9876%252Fbase%252Fapp%252Fbower_components%252Fangular%252Fangular.js%253F5e0b951c06cc7cc4cfccf139a0a26fd901dd43f5%253A322%253A20)%250A%2520%2520%2520%2520at%2520loadModules%2520(http%253A%252F%252Flocalhost%253A9876%252Fbase%252Fapp%252Fbower_components%252Fangular%252Fangular.js%253F5e0b951c06cc7cc4cfccf139a0a26fd901dd43f5%253A4548%253A5)%250A%2520%2520%2520%2520at%2520http%253A%252F%252Flocalhost%253A9876%252Fbase%252Fapp%252Fbower_components%252Fangular%252Fangular.js%253F5e0b951c06cc7cc4cfccf139a0a26fd901dd43f5%253A4565%253A40%250A%2520%2520%2520%2520at%2520forEach%2520(http%253A%252F%252Flocalhost%253A9876%252Fbase%252Fapp%252Fbower_components%252Fangular%252Fangular.js%253F5e0b951c06cc7cc4cfccf139a0a26fd901dd43f5%253A322%253A20)%250A%2520%2520%2520%2520at%2520loadModules%2520(http%253A%252F%252Flocalhost%253A9876%252Fbase%252Fapp%252Fbower_components%252Fangular%252Fangular.js%253F5e0b951c06cc7cc4cfccf139a0a26fd901dd43f5%253A4548%253A5)%0A%20%20%20%20at%20http%3A%2F%2Flocalhost%3A9876%2Fbase%2Fapp%2Fbower_components%2Fangular%2Fangular.js%3F5e0b951c06cc7cc4cfccf139a0a26fd901dd43f5%3A68%3A12%0A%20%20%20%20at%20http%3A%2F%2Flocalhost%3A9876%2Fbase%2Fapp%2Fbower_components%2Fangular%2Fangular.js%3F5e0b951c06cc7cc4cfccf139a0a26fd901dd43f5%3A4587%3A15%0A%20%20%20%20at%20forEach%20(http%3A%2F%2Flocalhost%3A9876%2Fbase%2Fapp%2Fbower_components%2Fangular%2Fangular.js%3F5e0b951c06cc7cc4cfccf139a0a26fd901dd43f5%3A322%3A20)%0A%20%20%20%20at%20loadModules%20(http%3A%2F%2Flocalhost%3A9876%2Fbase%2Fapp%2Fbower_components%2Fangular%2Fangular.js%3F5e0b951c06cc7cc4cfccf139a0a26fd901dd43f5%3A4548%3A5)%0A%20%20%20%20at%20http%3A%2F%2Flocalhost%3A9876%2Fbase%2Fapp%2Fbower_components%2Fangular%2Fangular.js%3F5e0b951c06cc7cc4cfccf139a0a26fd901dd43f5%3A4565%3A40%0A%20%20%20%20at%20forEach%20(http%3A%2F%2Flocalhost%3A9876%2Fbase%2Fapp%2Fbower_components%2Fangular%2Fangular.js%3F5e0b951c06cc7cc4cfccf139a0a26fd901dd43f5%3A322%3A20)%0A%20%20%20%20at%20loadModules%20(http%3A%2F%2Flocalhost%3A9876%2Fbase%2Fapp%2Fbower_components%2Fangular%2Fangular.js%3F5e0b951c06cc7cc4cfccf139a0a26fd901dd43f5%3A4548%3A5)%0A%20%20%20%20at%20Object.createInjector%20%5Bas%20injector%5D%20(http%3A%2F%2Flocalhost%3A9876%2Fbase%2Fapp%2Fbower_components%2Fangular%2Fangular.js%3F5e0b951c06cc7cc4cfccf139a0a26fd901dd43f5%3A4470%3A19)%0A%20%20%20%20at%20Object.workFn%20(http%3A%2F%2Flocalhost%3A9876%2Fbase%2Fapp%2Fbower_components%2Fangular-mocks%2Fangular-mocks.js%3Fb6fbe774eeee827548de6a26026965e42523e860%3A2954%3A52)%0A%20%20%20%20at%20attemptSync%20(http%3A%2F%2Flocalhost%3A9876%2Fbase%2Fnode_modules%2Fjasmine-core%2Flib%2Fjasmine-core%2Fjasmine.js%3F391e45351df9ee35392d2e5cb623221a969fc009%3A1886%3A24)
	    at C:/workspace/angular/phonecat/app/bower_components/angular/angular.js:68:12
	    at C:/workspace/angular/phonecat/app/bower_components/angular/angular.js:4587:15
	    at forEach (C:/workspace/angular/phonecat/app/bower_components/angular/angular.js:322:20)
	    at loadModules (C:/workspace/angular/phonecat/app/bower_components/angular/angular.js:4548:5)
	    at Object.createInjector [as injector] (C:/workspace/angular/phonecat/app/bower_components/angular/angular.js:4470:19)
	    at Object.workFn (C:/workspace/angular/phonecat/app/bower_components/angular-mocks/angular-mocks.js:2954:52)
Chrome 50.0.2661 (Windows 7 0.0.0): Executed 5 of 5 (4 FAILED) (0 secs / 0.095 secs)
[1A[2KChrome 50.0.2661 (Windows 7 0.0.0): Executed 5 of 5 (4 FAILED) (0.128 secs / 0.095 secs)
Batchvorgang abbrechen (J/N)? Batchvorgang abbrechen (J/N)? 
